Component: ARM Compiler 5.06 update 7 (build 960) Tool: armlink [4d3601]

==============================================================================

Section Cross References

    main.o(.text) refers to stm32f4xx_rcc.o(.text) for RCC_AHB1PeriphClockCmd
    main.o(.text) refers to stm32f4xx_gpio.o(.text) for GPIO_Init
    main.o(.text) refers to delay.o(.text) for delay_ms
    system_stm32f4xx.o(.text) refers to system_stm32f4xx.o(.data) for SystemCoreClock
    led.o(.text) refers to stm32f4xx_rcc.o(.text) for RCC_AHB1PeriphClockCmd
    led.o(.text) refers to stm32f4xx_gpio.o(.text) for GPIO_Init
    key.o(.text) refers to stm32f4xx_rcc.o(.text) for RCC_AHB1PeriphClockCmd
    key.o(.text) refers to stm32f4xx_gpio.o(.text) for GPIO_Init
    key.o(.text) refers to delay.o(.text) for delay_ms
    key.o(.text) refers to key.o(.data) for key_up
    spi.o(.text) refers to stm32f4xx_spi.o(.text) for SPI_I2S_GetFlagStatus
    spi.o(.text) refers to stm32f4xx_rcc.o(.text) for RCC_AHB1PeriphClockCmd
    spi.o(.text) refers to stm32f4xx_gpio.o(.text) for GPIO_Init
    w25qxx.o(.text) refers to _printf_percent.o(.ARM.Collect$$_printf_percent$$00000000) for _printf_percent
    w25qxx.o(.text) refers to _printf_x.o(.ARM.Collect$$_printf_percent$$0000000C) for _printf_x
    w25qxx.o(.text) refers to _printf_hex_int_ll_ptr.o(.text) for _printf_longlong_hex
    w25qxx.o(.text) refers to spi.o(.text) for SPI1_ReadWriteByte
    w25qxx.o(.text) refers to stm32f4xx_rcc.o(.text) for RCC_AHB1PeriphClockCmd
    w25qxx.o(.text) refers to stm32f4xx_gpio.o(.text) for GPIO_Init
    w25qxx.o(.text) refers to __2printf.o(.text) for __2printf
    w25qxx.o(.text) refers to delay.o(.text) for delay_us
    w25qxx.o(.text) refers to w25qxx.o(.data) for W25QXX_TYPE
    w25qxx.o(.text) refers to w25qxx.o(.bss) for W25QXX_BUFFER
    sdio_sdcard.o(.text) refers to stm32f4xx_sdio.o(.text) for SDIO_GetFlagStatus
    sdio_sdcard.o(.text) refers to sdio_sdcard.o(.data) for DeviceMode
    sdio_sdcard.o(.text) refers to sdio_sdcard.o(.bss) for SDIO_CmdInitStructure
    sdio_sdcard.o(.text) refers to stm32f4xx_rcc.o(.text) for RCC_AHB1PeriphClockCmd
    sdio_sdcard.o(.text) refers to stm32f4xx_gpio.o(.text) for GPIO_Init
    sdio_sdcard.o(.text) refers to misc.o(.text) for NVIC_Init
    sdio_sdcard.o(.text) refers to stm32f4xx_dma.o(.text) for DMA_GetCmdStatus
    sdio_sdcard.o(.text) refers to sys.o(.emb_text) for INTX_DISABLE
    sdio_sdcard.o(.text) refers to rt_memcpy_v6.o(.text) for __aeabi_memcpy
    button4_4.o(.text) refers to stm32f4xx_rcc.o(.text) for RCC_AHB1PeriphClockCmd
    button4_4.o(.text) refers to stm32f4xx_gpio.o(.text) for GPIO_Init
    button4_4.o(.text) refers to delay.o(.text) for delay_ms
    beep.o(.text) refers to stm32f4xx_rcc.o(.text) for RCC_AHB1PeriphClockCmd
    beep.o(.text) refers to stm32f4xx_gpio.o(.text) for GPIO_Init
    oled.o(.text) refers to w25qxx.o(.text) for W25QXX_Read
    oled.o(.text) refers to strlen.o(.text) for strlen
    oled.o(.text) refers to fontupd.o(.bss) for ftinfo
    oled.o(.text) refers to oled.o(.bss) for OLED_GRAM
    oled.o(.text) refers to oled.o(.constdata) for asc2_1206
    oled.o(.text) refers to stm32f4xx_rcc.o(.text) for RCC_AHB1PeriphClockCmd
    oled.o(.text) refers to stm32f4xx_gpio.o(.text) for GPIO_Init
    oled.o(.text) refers to delay.o(.text) for delay_ms
    as608.o(.text) refers to _printf_percent.o(.ARM.Collect$$_printf_percent$$00000000) for _printf_percent
    as608.o(.text) refers to _printf_s.o(.ARM.Collect$$_printf_percent$$00000014) for _printf_s
    as608.o(.text) refers to _printf_str.o(.text) for _printf_str
    as608.o(.text) refers to _printf_d.o(.ARM.Collect$$_printf_percent$$00000009) for _printf_d
    as608.o(.text) refers to _printf_dec.o(.text) for _printf_int_dec
    as608.o(.text) refers to _printf_x.o(.ARM.Collect$$_printf_percent$$0000000C) for _printf_x
    as608.o(.text) refers to _printf_hex_int_ll_ptr.o(.text) for _printf_longlong_hex
    as608.o(.text) refers to stm32f4xx_rcc.o(.text) for RCC_AHB1PeriphClockCmd
    as608.o(.text) refers to stm32f4xx_gpio.o(.text) for GPIO_Init
    as608.o(.text) refers to delay.o(.text) for delay_ms
    as608.o(.text) refers to strstr.o(.text) for strstr
    as608.o(.text) refers to as608.o(.data) for AS608Addr
    as608.o(.text) refers to usart2.o(.data) for USART2_RX_STA
    as608.o(.text) refers to usart2.o(.bss) for USART2_RX_BUF
    as608.o(.text) refers to __2printf.o(.text) for __2printf
    usart2.o(.text) refers to stm32f4xx_usart.o(.text) for USART_GetITStatus
    usart2.o(.text) refers to stm32f4xx_tim.o(.text) for TIM_SetCounter
    usart2.o(.text) refers to stm32f4xx_rcc.o(.text) for RCC_AHB1PeriphClockCmd
    usart2.o(.text) refers to stm32f4xx_gpio.o(.text) for GPIO_PinAFConfig
    usart2.o(.text) refers to misc.o(.text) for NVIC_Init
    usart2.o(.text) refers to timer.o(.text) for TIM7_Int_Init
    usart2.o(.text) refers to c89vsprintf.o(.text) for __c89vsprintf
[...]
    TIM8_CC_IRQHandler                       0x08002fdf   Thumb Code     0  startup_stm32f40_41xxx.o(.text)
    TIM8_TRG_COM_TIM14_IRQHandler            0x08002fdf   Thumb Code     0  startup_stm32f40_41xxx.o(.text)
    TIM8_UP_TIM13_IRQHandler                 0x08002fdf   Thumb Code     0  startup_stm32f40_41xxx.o(.text)
    UART4_IRQHandler                         0x08002fdf   Thumb Code     0  startup_stm32f40_41xxx.o(.text)
    UART5_IRQHandler                         0x08002fdf   Thumb Code     0  startup_stm32f40_41xxx.o(.text)
    USART6_IRQHandler                        0x08002fdf   Thumb Code     0  startup_stm32f40_41xxx.o(.text)
    WWDG_IRQHandler                          0x08002fdf   Thumb Code     0  startup_stm32f40_41xxx.o(.text)
    __user_initial_stackheap                 0x08002fe1   Thumb Code     0  startup_stm32f40_41xxx.o(.text)
    NVIC_PriorityGroupConfig                 0x08003005   Thumb Code    10  misc.o(.text)
    NVIC_Init                                0x0800300f   Thumb Code   106  misc.o(.text)
    NVIC_SetVectorTable                      0x08003079   Thumb Code    14  misc.o(.text)
    NVIC_SystemLPConfig                      0x08003087   Thumb Code    34  misc.o(.text)
    SysTick_CLKSourceConfig                  0x080030a9   Thumb Code    40  misc.o(.text)
    GPIO_DeInit                              0x080030e5   Thumb Code   268  stm32f4xx_gpio.o(.text)
    GPIO_Init                                0x080031f1   Thumb Code   144  stm32f4xx_gpio.o(.text)
    GPIO_StructInit                          0x08003281   Thumb Code    18  stm32f4xx_gpio.o(.text)
    GPIO_PinLockConfig                       0x08003293   Thumb Code    34  stm32f4xx_gpio.o(.text)
    GPIO_ReadInputDataBit                    0x080032b5   Thumb Code    18  stm32f4xx_gpio.o(.text)
    GPIO_ReadInputData                       0x080032c7   Thumb Code     8  stm32f4xx_gpio.o(.text)
    GPIO_ReadOutputDataBit                   0x080032cf   Thumb Code    18  stm32f4xx_gpio.o(.text)
    GPIO_ReadOutputData                      0x080032e1   Thumb Code     8  stm32f4xx_gpio.o(.text)
    GPIO_SetBits                             0x080032e9   Thumb Code     4  stm32f4xx_gpio.o(.text)
    GPIO_ResetBits                           0x080032ed   Thumb Code     4  stm32f4xx_gpio.o(.text)
    GPIO_WriteBit                            0x080032f1   Thumb Code    10  stm32f4xx_gpio.o(.text)
    GPIO_Write                               0x080032fb   Thumb Code     4  stm32f4xx_gpio.o(.text)
    GPIO_ToggleBits                          0x080032ff   Thumb Code     8  stm32f4xx_gpio.o(.text)
    GPIO_PinAFConfig                         0x08003307   Thumb Code    70  stm32f4xx_gpio.o(.text)
    RCC_DeInit                               0x08003379   Thumb Code    82  stm32f4xx_rcc.o(.text)
    RCC_HSEConfig                            0x080033cb   Thumb Code    14  stm32f4xx_rcc.o(.text)
    RCC_GetFlagStatus                        0x080033d9   Thumb Code    60  stm32f4xx_rcc.o(.text)
    RCC_WaitForHSEStartUp                    0x08003415   Thumb Code    56  stm32f4xx_rcc.o(.text)
    RCC_AdjustHSICalibrationValue            0x0800344d   Thumb Code    20  stm32f4xx_rcc.o(.text)
    RCC_HSICmd                               0x08003461   Thumb Code     6  stm32f4xx_rcc.o(.text)
    RCC_LSEConfig                            0x08003467   Thumb Code    46  stm32f4xx_rcc.o(.text)
    RCC_LSICmd                               0x08003495   Thumb Code     6  stm32f4xx_rcc.o(.text)
    RCC_PLLConfig                            0x0800349b   Thumb Code    32  stm32f4xx_rcc.o(.text)
    RCC_PLLCmd                               0x080034bb   Thumb Code     6  stm32f4xx_rcc.o(.text)
    RCC_PLLI2SConfig                         0x080034c1   Thumb Code    14  stm32f4xx_rcc.o(.text)
    RCC_PLLI2SCmd                            0x080034cf   Thumb Code     6  stm32f4xx_rcc.o(.text)
    RCC_PLLSAIConfig                         0x080034d5   Thumb Code    20  stm32f4xx_rcc.o(.text)
    RCC_PLLSAICmd                            0x080034e9   Thumb Code     6  stm32f4xx_rcc.o(.text)
    RCC_ClockSecuritySystemCmd               0x080034ef   Thumb Code     6  stm32f4xx_rcc.o(.text)
    RCC_MCO1Config                           0x080034f5   Thumb Code    28  stm32f4xx_rcc.o(.text)
    RCC_MCO2Config                           0x08003511   Thumb Code    28  stm32f4xx_rcc.o(.text)
    RCC_SYSCLKConfig                         0x0800352d   Thumb Code    20  stm32f4xx_rcc.o(.text)
    RCC_GetSYSCLKSource                      0x08003541   Thumb Code    12  stm32f4xx_rcc.o(.text)
    RCC_HCLKConfig                           0x0800354d   Thumb Code    20  stm32f4xx_rcc.o(.text)
    RCC_PCLK1Config                          0x08003561   Thumb Code    20  stm32f4xx_rcc.o(.text)
    RCC_PCLK2Config                          0x08003575   Thumb Code    22  stm32f4xx_rcc.o(.text)
    RCC_GetClocksFreq                        0x0800358b   Thumb Code   222  stm32f4xx_rcc.o(.text)
    RCC_RTCCLKConfig                         0x08003669   Thumb Code    54  stm32f4xx_rcc.o(.text)
    RCC_RTCCLKCmd                            0x0800369f   Thumb Code     8  stm32f4xx_rcc.o(.text)
    RCC_BackupResetCmd                       0x080036a7   Thumb Code     8  stm32f4xx_rcc.o(.text)
    RCC_I2SCLKConfig                         0x080036af   Thumb Code     6  stm32f4xx_rcc.o(.text)
    RCC_SAIPLLI2SClkDivConfig                0x080036b5   Thumb Code    26  stm32f4xx_rcc.o(.text)
    RCC_SAIPLLSAIClkDivConfig                0x080036cf   Thumb Code    28  stm32f4xx_rcc.o(.text)
    RCC_SAIBlockACLKConfig                   0x080036eb   Thumb Code    20  stm32f4xx_rcc.o(.text)
    RCC_SAIBlockBCLKConfig                   0x080036ff   Thumb Code    20  stm32f4xx_rcc.o(.text)
    RCC_LTDCCLKDivConfig                     0x08003713   Thumb Code    20  stm32f4xx_rcc.o(.text)
    RCC_TIMCLKPresConfig                     0x08003727   Thumb Code     6  stm32f4xx_rcc.o(.text)
    RCC_AHB1PeriphClockCmd                   0x0800372d   Thumb Code    34  stm32f4xx_rcc.o(.text)
    RCC_AHB2PeriphClockCmd                   0x0800374f   Thumb Code    78  stm32f4xx_rcc.o(.text)
    RCC_AHB3PeriphClockCmd                   0x0800379d   Thumb Code    34  stm32f4xx_rcc.o(.text)
    RCC_APB1PeriphClockCmd                   0x080037bf   Thumb Code    34  stm32f4xx_rcc.o(.text)
    RCC_APB2PeriphClockCmd                   0x080037e1   Thumb Code    34  stm32f4xx_rcc.o(.text)
    RCC_AHB1PeriphResetCmd                   0x08003803   Thumb Code    34  stm32f4xx_rcc.o(.text)
    RCC_AHB2PeriphResetCmd                   0x08003825   Thumb Code    34  stm32f4xx_rcc.o(.text)
    RCC_AHB3PeriphResetCmd                   0x08003847   Thumb Code    34  stm32f4xx_rcc.o(.text)
    RCC_APB1PeriphResetCmd                   0x08003869   Thumb Code    34  stm32f4xx_rcc.o(.text)
    RCC_APB2PeriphResetCmd                   0x0800388b   Thumb Code    34  stm32f4xx_rcc.o(.text)
    RCC_AHB1PeriphClockLPModeCmd             0x080038ad   Thumb Code    34  stm32f4xx_rcc.o(.text)
    RCC_AHB2PeriphClockLPModeCmd             0x080038cf   Thumb Code    34  stm32f4xx_rcc.o(.text)
    RCC_AHB3PeriphClockLPModeCmd             0x080038f1   Thumb Code    34  stm32f4xx_rcc.o(.text)
    RCC_APB1PeriphClockLPModeCmd             0x08003913   Thumb Code    34  stm32f4xx_rcc.o(.text)
    RCC_APB2PeriphClockLPModeCmd             0x08003935   Thumb Code    34  stm32f4xx_rcc.o(.text)
    RCC_LSEModeConfig                        0x08003957   Thumb Code    40  stm32f4xx_rcc.o(.text)
    RCC_ITConfig                             0x0800397f   Thumb Code    34  stm32f4xx_rcc.o(.text)
    RCC_ClearFlag                            0x080039a1   Thumb Code    18  stm32f4xx_rcc.o(.text)
    RCC_GetITStatus                          0x080039b3   Thumb Code    22  stm32f4xx_rcc.o(.text)
    RCC_ClearITPendingBit                    0x080039c9   Thumb Code     8  stm32f4xx_rcc.o(.text)
    USART_DeInit                             0x080039d5   Thumb Code   206  stm32f4xx_usart.o(.text)
    USART_Init                               0x08003aa3   Thumb Code   204  stm32f4xx_usart.o(.text)
    USART_StructInit                         0x08003b6f   Thumb Code    24  stm32f4xx_usart.o(.text)
    USART_ClockInit                          0x08003b87   Thumb Code    32  stm32f4xx_usart.o(.text)
    USART_ClockStructInit                    0x08003ba7   Thumb Code    12  stm32f4xx_usart.o(.text)
    USART_Cmd                                0x08003bb3   Thumb Code    24  stm32f4xx_usart.o(.text)
    USART_SetPrescaler                       0x08003bcb   Thumb Code    16  stm32f4xx_usart.o(.text)
    USART_OverSampling8Cmd                   0x08003bdb   Thumb Code    22  stm32f4xx_usart.o(.text)
    USART_OneBitMethodCmd                    0x08003bf1   Thumb Code    24  stm32f4xx_usart.o(.text)
    USART_SendData                           0x08003c09   Thumb Code     8  stm32f4xx_usart.o(.text)
    USART_ReceiveData                        0x08003c11   Thumb Code    10  stm32f4xx_usart.o(.text)
    USART_SetAddress                         0x08003c1b   Thumb Code    18  stm32f4xx_usart.o(.text)
    USART_ReceiverWakeUpCmd                  0x08003c2d   Thumb Code    24  stm32f4xx_usart.o(.text)
    USART_WakeUpConfig                       0x08003c45   Thumb Code    18  stm32f4xx_usart.o(.text)
    USART_LINBreakDetectLengthConfig         0x08003c57   Thumb Code    18  stm32f4xx_usart.o(.text)
    USART_LINCmd                             0x08003c69   Thumb Code    24  stm32f4xx_usart.o(.text)
    USART_SendBreak                          0x08003c81   Thumb Code    10  stm32f4xx_usart.o(.text)
    USART_HalfDuplexCmd                      0x08003c8b   Thumb Code    24  stm32f4xx_usart.o(.text)
    USART_SetGuardTime                       0x08003ca3   Thumb Code    16  stm32f4xx_usart.o(.text)
    USART_SmartCardCmd                       0x08003cb3   Thumb Code    24  stm32f4xx_usart.o(.text)
    USART_SmartCardNACKCmd                   0x08003ccb   Thumb Code    24  stm32f4xx_usart.o(.text)
    USART_IrDAConfig                         0x08003ce3   Thumb Code    18  stm32f4xx_usart.o(.text)
    USART_IrDACmd                            0x08003cf5   Thumb Code    24  stm32f4xx_usart.o(.text)
    USART_DMACmd                             0x08003d0d   Thumb Code    18  stm32f4xx_usart.o(.text)
    USART_ITConfig                           0x08003d1f   Thumb Code    74  stm32f4xx_usart.o(.text)
    USART_GetFlagStatus                      0x08003d69   Thumb Code    26  stm32f4xx_usart.o(.text)
    USART_ClearFlag                          0x08003d83   Thumb Code    18  stm32f4xx_usart.o(.text)
    USART_GetITStatus                        0x08003d95   Thumb Code   118  stm32f4xx_usart.o(.text)
    USART_ClearITPendingBit                  0x08003e0b   Thumb Code    30  stm32f4xx_usart.o(.text)
    TIM_DeInit                               0x08003e29   Thumb Code   346  stm32f4xx_tim.o(.text)
    TIM_TimeBaseInit                         0x08003f83   Thumb Code   104  stm32f4xx_tim.o(.text)
    TIM_TimeBaseStructInit                   0x08003feb   Thumb Code    18  stm32f4xx_tim.o(.text)
    TIM_PrescalerConfig                      0x08003ffd   Thumb Code     6  stm32f4xx_tim.o(.text)
    TIM_CounterModeConfig                    0x08004003   Thumb Code    18  stm32f4xx_tim.o(.text)
    TIM_SetCounter                           0x08004015   Thumb Code     4  stm32f4xx_tim.o(.text)
    TIM_SetAutoreload                        0x08004019   Thumb Code     4  stm32f4xx_tim.o(.text)
    TIM_GetCounter                           0x0800401d   Thumb Code     6  stm32f4xx_tim.o(.text)
    TIM_GetPrescaler                         0x08004023   Thumb Code     6  stm32f4xx_tim.o(.text)
    TIM_UpdateDisableConfig                  0x08004029   Thumb Code    24  stm32f4xx_tim.o(.text)
    TIM_UpdateRequestConfig                  0x08004041   Thumb Code    24  stm32f4xx_tim.o(.text)
    TIM_ARRPreloadConfig                     0x08004059   Thumb Code    24  stm32f4xx_tim.o(.text)
    TIM_SelectOnePulseMode                   0x08004071   Thumb Code    18  stm32f4xx_tim.o(.text)
    TIM_SetClockDivision                     0x08004083   Thumb Code    18  stm32f4xx_tim.o(.text)
    TIM_Cmd                                  0x08004095   Thumb Code    24  stm32f4xx_tim.o(.text)
    TIM_OC1Init                              0x080040ad   Thumb Code   114  stm32f4xx_tim.o(.text)
    TIM_OC2Init                              0x0800411f   Thumb Code   154  stm32f4xx_tim.o(.text)
    TIM_OC3Init                              0x080041b9   Thumb Code   204  stm32f4xx_tim.o(.text)
    TIM_OC4Init                              0x08004285   Thumb Code   112  stm32f4xx_tim.o(.text)
    TIM_OCStructInit                         0x080042f5   Thumb Code    20  stm32f4xx_tim.o(.text)
    TIM_SelectOCxM                           0x08004309   Thumb Code    86  stm32f4xx_tim.o(.text)
    TIM_SetCompare1                          0x0800435f   Thumb Code     4  stm32f4xx_tim.o(.text)
    TIM_SetCompare2                          0x08004363   Thumb Code     4  stm32f4xx_tim.o(.text)
    TIM_SetCompare3                          0x08004367   Thumb Code     4  stm32f4xx_tim.o(.text)
    TIM_SetCompare4                          0x0800436b   Thumb Code     4  stm32f4xx_tim.o(.text)
    TIM_ForcedOC1Config                      0x0800436f   Thumb Code    18  stm32f4xx_tim.o(.text)
    TIM_ForcedOC2Config                      0x08004381   Thumb Code    26  stm32f4xx_tim.o(.text)
    TIM_ForcedOC3Config                      0x0800439b   Thumb Code    18  stm32f4xx_tim.o(.text)
    TIM_ForcedOC4Config                      0x080043ad   Thumb Code    26  stm32f4xx_tim.o(.text)
    TIM_OC1PreloadConfig                     0x080043c7   Thumb Code    18  stm32f4xx_tim.o(.text)
    TIM_OC2PreloadConfig                     0x080043d9   Thumb Code    26  stm32f4xx_tim.o(.text)
    TIM_OC3PreloadConfig                     0x080043f3   Thumb Code    18  stm32f4xx_tim.o(.text)
    TIM_OC4PreloadConfig                     0x08004405   Thumb Code    26  stm32f4xx_tim.o(.text)
    TIM_OC1FastConfig                        0x0800441f   Thumb Code    18  stm32f4xx_tim.o(.text)
    TIM_OC2FastConfig                        0x08004431   Thumb Code    26  stm32f4xx_tim.o(.text)
    TIM_OC3FastConfig                        0x0800444b   Thumb Code    18  stm32f4xx_tim.o(.text)
    TIM_OC4FastConfig                        0x0800445d   Thumb Code    26  stm32f4xx_tim.o(.text)
    TIM_ClearOC1Ref                          0x08004477   Thumb Code    18  stm32f4xx_tim.o(.text)
    TIM_ClearOC2Ref                          0x08004489   Thumb Code    24  stm32f4xx_tim.o(.text)
    TIM_ClearOC3Ref                          0x080044a1   Thumb Code    18  stm32f4xx_tim.o(.text)
    TIM_ClearOC4Ref                          0x080044b3   Thumb Code    24  stm32f4xx_tim.o(.text)
    TIM_OC1PolarityConfig                    0x080044cb   Thumb Code    18  stm32f4xx_tim.o(.text)
    TIM_OC1NPolarityConfig                   0x080044dd   Thumb Code    18  stm32f4xx_tim.o(.text)
    TIM_OC2PolarityConfig                    0x080044ef   Thumb Code    26  stm32f4xx_tim.o(.text)
    TIM_OC2NPolarityConfig                   0x08004509   Thumb Code    26  stm32f4xx_tim.o(.text)
    TIM_OC3PolarityConfig                    0x08004523   Thumb Code    26  stm32f4xx_tim.o(.text)
    TIM_OC3NPolarityConfig                   0x0800453d   Thumb Code    26  stm32f4xx_tim.o(.text)
    TIM_OC4PolarityConfig                    0x08004557   Thumb Code    26  stm32f4xx_tim.o(.text)
    TIM_CCxCmd                               0x08004571   Thumb Code    30  stm32f4xx_tim.o(.text)
    TIM_CCxNCmd                              0x0800458f   Thumb Code    30  stm32f4xx_tim.o(.text)
    TIM_SetIC4Prescaler                      0x080045ad   Thumb Code    26  stm32f4xx_tim.o(.text)
    TIM_SetIC3Prescaler                      0x08004617   Thumb Code    18  stm32f4xx_tim.o(.text)
    TIM_SetIC2Prescaler                      0x08004671   Thumb Code    26  stm32f4xx_tim.o(.text)
    TIM_SetIC1Prescaler                      0x080046e5   Thumb Code    18  stm32f4xx_tim.o(.text)
    TIM_ICInit                               0x08004731   Thumb Code   110  stm32f4xx_tim.o(.text)
    TIM_ICStructInit                         0x0800479f   Thumb Code    18  stm32f4xx_tim.o(.text)
    TIM_PWMIConfig                           0x080047b1   Thumb Code   124  stm32f4xx_tim.o(.text)
    TIM_GetCapture1                          0x0800482d   Thumb Code     6  stm32f4xx_tim.o(.text)
    TIM_GetCapture2                          0x08004833   Thumb Code     6  stm32f4xx_tim.o(.text)
    TIM_GetCapture3                          0x08004839   Thumb Code     6  stm32f4xx_tim.o(.text)
    TIM_GetCapture4                          0x0800483f   Thumb Code     6  stm32f4xx_tim.o(.text)
    TIM_BDTRConfig                           0x08004845   Thumb Code    32  stm32f4xx_tim.o(.text)
    TIM_BDTRStructInit                       0x08004865   Thumb Code    18  stm32f4xx_tim.o(.text)
    TIM_CtrlPWMOutputs                       0x08004877   Thumb Code    30  stm32f4xx_tim.o(.text)
    TIM_SelectCOM                            0x08004895   Thumb Code    24  stm32f4xx_tim.o(.text)
    TIM_CCPreloadControl                     0x080048ad   Thumb Code    24  stm32f4xx_tim.o(.text)
    TIM_ITConfig                             0x080048c5   Thumb Code    18  stm32f4xx_tim.o(.text)
    TIM_GenerateEvent                        0x080048d7   Thumb Code     4  stm32f4xx_tim.o(.text)
    TIM_GetFlagStatus                        0x080048db   Thumb Code    18  stm32f4xx_tim.o(.text)
    TIM_ClearFlag                            0x080048ed   Thumb Code     6  stm32f4xx_tim.o(.text)
    TIM_GetITStatus                          0x080048f3   Thumb Code    34  stm32f4xx_tim.o(.text)
    TIM_ClearITPendingBit                    0x08004915   Thumb Code     6  stm32f4xx_tim.o(.text)
    TIM_DMAConfig                            0x0800491b   Thumb Code    10  stm32f4xx_tim.o(.text)
    TIM_DMACmd                               0x08004925   Thumb Code    18  stm32f4xx_tim.o(.text)
    TIM_SelectCCDMA                          0x08004937   Thumb Code    24  stm32f4xx_tim.o(.text)
    TIM_InternalClockConfig                  0x0800494f   Thumb Code    12  stm32f4xx_tim.o(.text)
    TIM_SelectInputTrigger                   0x0800495b   Thumb Code    18  stm32f4xx_tim.o(.text)
    TIM_ITRxExternalClockConfig              0x0800496d   Thumb Code    24  stm32f4xx_tim.o(.text)
    TIM_TIxExternalClockConfig               0x08004985   Thumb Code    62  stm32f4xx_tim.o(.text)
    TIM_ETRConfig                            0x080049c3   Thumb Code    28  stm32f4xx_tim.o(.text)
    TIM_ETRClockMode1Config                  0x080049df   Thumb Code    54  stm32f4xx_tim.o(.text)
    TIM_ETRClockMode2Config                  0x08004a15   Thumb Code    32  stm32f4xx_tim.o(.text)
    TIM_SelectOutputTrigger                  0x08004a35   Thumb Code    18  stm32f4xx_tim.o(.text)
    TIM_SelectSlaveMode                      0x08004a47   Thumb Code    18  stm32f4xx_tim.o(.text)
    TIM_SelectMasterSlaveMode                0x08004a59   Thumb Code    18  stm32f4xx_tim.o(.text)
    TIM_EncoderInterfaceConfig               0x08004a6b   Thumb Code    66  stm32f4xx_tim.o(.text)
    TIM_SelectHallSensor                     0x08004aad   Thumb Code    24  stm32f4xx_tim.o(.text)
    TIM_RemapConfig                          0x08004ac5   Thumb Code     6  stm32f4xx_tim.o(.text)
    SPI_I2S_DeInit                           0x08004acd   Thumb Code   152  stm32f4xx_spi.o(.text)
    SPI_Init                                 0x08004b65   Thumb Code    60  stm32f4xx_spi.o(.text)
    I2S_Init                                 0x08004ba1   Thumb Code   396  stm32f4xx_spi.o(.text)
    SPI_StructInit                           0x08004d2d   Thumb Code    24  stm32f4xx_spi.o(.text)
    I2S_StructInit                           0x08004d45   Thumb Code    20  stm32f4xx_spi.o(.text)
    SPI_Cmd                                  0x08004d59   Thumb Code    24  stm32f4xx_spi.o(.text)
    I2S_Cmd                                  0x08004d71   Thumb Code    24  stm32f4xx_spi.o(.text)
    SPI_DataSizeConfig                       0x08004d89   Thumb Code    18  stm32f4xx_spi.o(.text)
    SPI_BiDirectionalLineConfig              0x08004d9b   Thumb Code    28  stm32f4xx_spi.o(.text)
    SPI_NSSInternalSoftwareConfig            0x08004db7   Thumb Code    30  stm32f4xx_spi.o(.text)
    SPI_SSOutputCmd                          0x08004dd5   Thumb Code    24  stm32f4xx_spi.o(.text)
    SPI_TIModeCmd                            0x08004ded   Thumb Code    24  stm32f4xx_spi.o(.text)
    I2S_FullDuplexConfig                     0x08004e05   Thumb Code    80  stm32f4xx_spi.o(.text)
    SPI_I2S_ReceiveData                      0x08004e55   Thumb Code     6  stm32f4xx_spi.o(.text)
    SPI_I2S_SendData                         0x08004e5b   Thumb Code     4  stm32f4xx_spi.o(.text)
    SPI_CalculateCRC                         0x08004e5f   Thumb Code    24  stm32f4xx_spi.o(.text)
    SPI_TransmitCRC                          0x08004e77   Thumb Code    10  stm32f4xx_spi.o(.text)
    SPI_GetCRC                               0x08004e81   Thumb Code    16  stm32f4xx_spi.o(.text)
    SPI_GetCRCPolynomial                     0x08004e91   Thumb Code     6  stm32f4xx_spi.o(.text)
    SPI_I2S_DMACmd                           0x08004e97   Thumb Code    18  stm32f4xx_spi.o(.text)
    SPI_I2S_ITConfig                         0x08004ea9   Thumb Code    68  stm32f4xx_spi.o(.text)
    SPI_I2S_GetFlagStatus                    0x08004eed   Thumb Code    18  stm32f4xx_spi.o(.text)
    SPI_I2S_ClearFlag                        0x08004eff   Thumb Code     6  stm32f4xx_spi.o(.text)
    SPI_I2S_GetITStatus                      0x08004f05   Thumb Code    52  stm32f4xx_spi.o(.text)
    SPI_I2S_ClearITPendingBit                0x08004f39   Thumb Code    20  stm32f4xx_spi.o(.text)
    SDIO_DeInit                              0x08004f4d   Thumb Code    22  stm32f4xx_sdio.o(.text)
    SDIO_Init                                0x08004f63   Thumb Code    42  stm32f4xx_sdio.o(.text)
    SDIO_StructInit                          0x08004f8d   Thumb Code    16  stm32f4xx_sdio.o(.text)
    SDIO_ClockCmd                            0x08004f9d   Thumb Code     6  stm32f4xx_sdio.o(.text)
    SDIO_SetPowerState                       0x08004fa3   Thumb Code     8  stm32f4xx_sdio.o(.text)
    SDIO_GetPowerState                       0x08004fab   Thumb Code    12  stm32f4xx_sdio.o(.text)
    SDIO_SendCommand                         0x08004fb7   Thumb Code    42  stm32f4xx_sdio.o(.text)
    SDIO_CmdStructInit                       0x08004fe1   Thumb Code    14  stm32f4xx_sdio.o(.text)
    SDIO_GetCommandResponse                  0x08004fef   Thumb Code    10  stm32f4xx_sdio.o(.text)
    SDIO_GetResponse                         0x08004ff9   Thumb Code    22  stm32f4xx_sdio.o(.text)
    SDIO_DataConfig                          0x0800500f   Thumb Code    48  stm32f4xx_sdio.o(.text)
    SDIO_DataStructInit                      0x0800503f   Thumb Code    20  stm32f4xx_sdio.o(.text)
    SDIO_GetDataCounter                      0x08005053   Thumb Code     8  stm32f4xx_sdio.o(.text)
    SDIO_ReadData                            0x0800505b   Thumb Code     8  stm32f4xx_sdio.o(.text)
    SDIO_WriteData                           0x08005063   Thumb Code     8  stm32f4xx_sdio.o(.text)
    SDIO_GetFIFOCount                        0x0800506b   Thumb Code     8  stm32f4xx_sdio.o(.text)
    SDIO_StartSDIOReadWait                   0x08005073   Thumb Code     6  stm32f4xx_sdio.o(.text)
    SDIO_StopSDIOReadWait                    0x08005079   Thumb Code     8  stm32f4xx_sdio.o(.text)
    SDIO_SetSDIOReadWaitMode                 0x08005081   Thumb Code     8  stm32f4xx_sdio.o(.text)
    SDIO_SetSDIOOperation                    0x08005089   Thumb Code     8  stm32f4xx_sdio.o(.text)
    SDIO_SendSDIOSuspendCmd                  0x08005091   Thumb Code     6  stm32f4xx_sdio.o(.text)
    SDIO_CommandCompletionCmd                0x08005097   Thumb Code     8  stm32f4xx_sdio.o(.text)
    SDIO_CEATAITCmd                          0x0800509f   Thumb Code    12  stm32f4xx_sdio.o(.text)
    SDIO_SendCEATACmd                        0x080050ab   Thumb Code     8  stm32f4xx_sdio.o(.text)
    SDIO_DMACmd                              0x080050b3   Thumb Code     8  stm32f4xx_sdio.o(.text)
    SDIO_ITConfig                            0x080050bb   Thumb Code    34  stm32f4xx_sdio.o(.text)
    SDIO_GetFlagStatus                       0x080050dd   Thumb Code    22  stm32f4xx_sdio.o(.text)
    SDIO_ClearFlag                           0x080050f3   Thumb Code     8  stm32f4xx_sdio.o(.text)
    SDIO_GetITStatus                         0x080050fb   Thumb Code    22  stm32f4xx_sdio.o(.text)
    SDIO_ClearITPendingBit                   0x08005111   Thumb Code     8  stm32f4xx_sdio.o(.text)
    DMA_DeInit                               0x08005129   Thumb Code   324  stm32f4xx_dma.o(.text)
    DMA_Init                                 0x0800526d   Thumb Code    82  stm32f4xx_dma.o(.text)
    DMA_StructInit                           0x080052bf   Thumb Code    34  stm32f4xx_dma.o(.text)
    DMA_Cmd                                  0x080052e1   Thumb Code    22  stm32f4xx_dma.o(.text)
    DMA_PeriphIncOffsetSizeConfig            0x080052f7   Thumb Code    22  stm32f4xx_dma.o(.text)
    DMA_FlowControllerConfig                 0x0800530d   Thumb Code    22  stm32f4xx_dma.o(.text)
    DMA_SetCurrDataCounter                   0x08005323   Thumb Code     4  stm32f4xx_dma.o(.text)
    DMA_GetCurrDataCounter                   0x08005327   Thumb Code     8  stm32f4xx_dma.o(.text)
    DMA_DoubleBufferModeConfig               0x0800532f   Thumb Code    24  stm32f4xx_dma.o(.text)
    DMA_DoubleBufferModeCmd                  0x08005347   Thumb Code    22  stm32f4xx_dma.o(.text)
    DMA_MemoryTargetConfig                   0x0800535d   Thumb Code    10  stm32f4xx_dma.o(.text)
    DMA_GetCurrentMemoryTarget               0x08005367   Thumb Code    20  stm32f4xx_dma.o(.text)
    DMA_GetCmdStatus                         0x0800537b   Thumb Code    20  stm32f4xx_dma.o(.text)
    DMA_GetFIFOStatus                        0x0800538f   Thumb Code    12  stm32f4xx_dma.o(.text)
    DMA_GetFlagStatus                        0x0800539b   Thumb Code    56  stm32f4xx_dma.o(.text)
    DMA_ClearFlag                            0x080053d3   Thumb Code    40  stm32f4xx_dma.o(.text)
    DMA_ITConfig                             0x080053fb   Thumb Code    58  stm32f4xx_dma.o(.text)
    DMA_GetITStatus                          0x08005435   Thumb Code    84  stm32f4xx_dma.o(.text)
    DMA_ClearITPendingBit                    0x08005489   Thumb Code    40  stm32f4xx_dma.o(.text)
    RTC_WaitForSynchro                       0x080054d1   Thumb Code    92  stm32f4xx_rtc.o(.text)
    RTC_EnterInitMode                        0x0800552d   Thumb Code    84  stm32f4xx_rtc.o(.text)
    RTC_DeInit                               0x08005581   Thumb Code   204  stm32f4xx_rtc.o(.text)
    RTC_ExitInitMode                         0x0800564d   Thumb Code    18  stm32f4xx_rtc.o(.text)
    RTC_Init                                 0x0800565f   Thumb Code    94  stm32f4xx_rtc.o(.text)
    RTC_StructInit                           0x080056bd   Thumb Code    14  stm32f4xx_rtc.o(.text)
    RTC_WriteProtectionCmd                   0x080056cb   Thumb Code    22  stm32f4xx_rtc.o(.text)
    RTC_RefClockCmd                          0x080056e1   Thumb Code    76  stm32f4xx_rtc.o(.text)
    RTC_BypassShadowCmd                      0x0800572d   Thumb Code    54  stm32f4xx_rtc.o(.text)
    RTC_SetTime                              0x08005795   Thumb Code   200  stm32f4xx_rtc.o(.text)
    RTC_TimeStructInit                       0x0800585d   Thumb Code    12  stm32f4xx_rtc.o(.text)
    RTC_GetTime                              0x08005869   Thumb Code    74  stm32f4xx_rtc.o(.text)
    RTC_GetSubSecond                         0x080058b3   Thumb Code    30  stm32f4xx_rtc.o(.text)
    RTC_SetDate                              0x080058d1   Thumb Code   190  stm32f4xx_rtc.o(.text)
    RTC_DateStructInit                       0x0800598f   Thumb Code    14  stm32f4xx_rtc.o(.text)
    RTC_GetDate                              0x0800599d   Thumb Code    70  stm32f4xx_rtc.o(.text)
    RTC_SetAlarm                             0x080059e3   Thumb Code   230  stm32f4xx_rtc.o(.text)
    RTC_AlarmStructInit                      0x08005ac9   Thumb Code    22  stm32f4xx_rtc.o(.text)
    RTC_GetAlarm                             0x08005adf   Thumb Code   114  stm32f4xx_rtc.o(.text)
    RTC_AlarmCmd                             0x08005b51   Thumb Code   112  stm32f4xx_rtc.o(.text)
    RTC_AlarmSubSecondConfig                 0x08005bc1   Thumb Code    46  stm32f4xx_rtc.o(.text)
    RTC_GetAlarmSubSecond                    0x08005bef   Thumb Code    34  stm32f4xx_rtc.o(.text)
    RTC_WakeUpClockConfig                    0x08005c11   Thumb Code    42  stm32f4xx_rtc.o(.text)
    RTC_SetWakeUpCounter                     0x08005c3b   Thumb Code    22  stm32f4xx_rtc.o(.text)
    RTC_GetWakeUpCounter                     0x08005c51   Thumb Code    10  stm32f4xx_rtc.o(.text)
    RTC_WakeUpCmd                            0x08005c5b   Thumb Code   116  stm32f4xx_rtc.o(.text)
    RTC_DayLightSavingConfig                 0x08005ccf   Thumb Code    50  stm32f4xx_rtc.o(.text)
    RTC_GetStoreOperation                    0x08005d01   Thumb Code    12  stm32f4xx_rtc.o(.text)
    RTC_OutputConfig                         0x08005d0d   Thumb Code    60  stm32f4xx_rtc.o(.text)
    RTC_CoarseCalibConfig                    0x08005d49   Thumb Code    52  stm32f4xx_rtc.o(.text)
    RTC_CoarseCalibCmd                       0x08005d7d   Thumb Code    76  stm32f4xx_rtc.o(.text)
    RTC_CalibOutputCmd                       0x08005dc9   Thumb Code    54  stm32f4xx_rtc.o(.text)
    RTC_CalibOutputConfig                    0x08005dff   Thumb Code    42  stm32f4xx_rtc.o(.text)
    RTC_SmoothCalibConfig                    0x08005e29   Thumb Code    90  stm32f4xx_rtc.o(.text)
    RTC_TimeStampCmd                         0x08005e83   Thumb Code    54  stm32f4xx_rtc.o(.text)
    RTC_GetTimeStamp                         0x08005eb9   Thumb Code   144  stm32f4xx_rtc.o(.text)
    RTC_GetTimeStampSubSecond                0x08005f49   Thumb Code     8  stm32f4xx_rtc.o(.text)
    RTC_TamperTriggerConfig                  0x08005f51   Thumb Code    38  stm32f4xx_rtc.o(.text)
    RTC_TamperCmd                            0x08005f77   Thumb Code    34  stm32f4xx_rtc.o(.text)
    RTC_TamperFilterConfig                   0x08005f99   Thumb Code    26  stm32f4xx_rtc.o(.text)
    RTC_TamperSamplingFreqConfig             0x08005fb3   Thumb Code    26  stm32f4xx_rtc.o(.text)
    RTC_TamperPinsPrechargeDuration          0x08005fcd   Thumb Code    26  stm32f4xx_rtc.o(.text)
    RTC_TimeStampOnTamperDetectionCmd        0x08005fe7   Thumb Code    38  stm32f4xx_rtc.o(.text)
    RTC_TamperPullUpCmd                      0x0800600d   Thumb Code    38  stm32f4xx_rtc.o(.text)
    RTC_WriteBackupRegister                  0x08006033   Thumb Code    26  stm32f4xx_rtc.o(.text)
    RTC_ReadBackupRegister                   0x0800604d   Thumb Code    28  stm32f4xx_rtc.o(.text)
    RTC_TamperPinSelection                   0x08006069   Thumb Code    26  stm32f4xx_rtc.o(.text)
    RTC_TimeStampPinSelection                0x08006083   Thumb Code    26  stm32f4xx_rtc.o(.text)
    RTC_OutputTypeConfig                     0x0800609d   Thumb Code    26  stm32f4xx_rtc.o(.text)
    RTC_SynchroShiftConfig                   0x080060b7   Thumb Code   130  stm32f4xx_rtc.o(.text)
    RTC_ITConfig                             0x08006139   Thumb Code    94  stm32f4xx_rtc.o(.text)
    RTC_GetFlagStatus                        0x08006197   Thumb Code    34  stm32f4xx_rtc.o(.text)
    RTC_ClearFlag                            0x080061b9   Thumb Code    28  stm32f4xx_rtc.o(.text)
    RTC_GetITStatus                          0x080061d5   Thumb Code    60  stm32f4xx_rtc.o(.text)
    RTC_ClearITPendingBit                    0x08006211   Thumb Code    32  stm32f4xx_rtc.o(.text)
    EXTI_DeInit                              0x08006239   Thumb Code    28  stm32f4xx_exti.o(.text)
    EXTI_Init                                0x08006255   Thumb Code   142  stm32f4xx_exti.o(.text)
    EXTI_StructInit                          0x080062e3   Thumb Code    16  stm32f4xx_exti.o(.text)
    EXTI_GenerateSWInterrupt                 0x080062f3   Thumb Code    16  stm32f4xx_exti.o(.text)
    EXTI_GetFlagStatus                       0x08006303   Thumb Code    22  stm32f4xx_exti.o(.text)
    EXTI_ClearFlag                           0x08006319   Thumb Code     8  stm32f4xx_exti.o(.text)
    EXTI_GetITStatus                         0x08006321   Thumb Code    22  stm32f4xx_exti.o(.text)
    EXTI_ClearITPendingBit                   0x08006337   Thumb Code     8  stm32f4xx_exti.o(.text)
    PWR_DeInit                               0x08006349   Thumb Code    22  stm32f4xx_pwr.o(.text)
    PWR_BackupAccessCmd                      0x0800635f   Thumb Code     6  stm32f4xx_pwr.o(.text)
    PWR_PVDLevelConfig                       0x08006365   Thumb Code    18  stm32f4xx_pwr.o(.text)
    PWR_PVDCmd                               0x08006377   Thumb Code     6  stm32f4xx_pwr.o(.text)
    PWR_WakeUpPinCmd                         0x0800637d   Thumb Code     8  stm32f4xx_pwr.o(.text)
    PWR_BackupRegulatorCmd                   0x08006385   Thumb Code     8  stm32f4xx_pwr.o(.text)
    PWR_MainRegulatorModeConfig              0x0800638d   Thumb Code    18  stm32f4xx_pwr.o(.text)
    PWR_OverDriveCmd                         0x0800639f   Thumb Code     6  stm32f4xx_pwr.o(.text)
    PWR_OverDriveSWCmd                       0x080063a5   Thumb Code     6  stm32f4xx_pwr.o(.text)
    PWR_UnderDriveCmd                        0x080063ab   Thumb Code    30  stm32f4xx_pwr.o(.text)
    PWR_MainRegulatorLowVoltageCmd           0x080063c9   Thumb Code    18  stm32f4xx_pwr.o(.text)
    PWR_LowRegulatorLowVoltageCmd            0x080063db   Thumb Code    18  stm32f4xx_pwr.o(.text)
    PWR_FlashPowerDownCmd                    0x080063ed   Thumb Code     6  stm32f4xx_pwr.o(.text)
    PWR_EnterSTOPMode                        0x080063f3   Thumb Code    58  stm32f4xx_pwr.o(.text)
    PWR_EnterUnderDriveSTOPMode              0x0800642d   Thumb Code    58  stm32f4xx_pwr.o(.text)
    PWR_EnterSTANDBYMode                     0x08006467   Thumb Code    32  stm32f4xx_pwr.o(.text)
    PWR_GetFlagStatus                        0x08006487   Thumb Code    20  stm32f4xx_pwr.o(.text)
    PWR_ClearFlag                            0x0800649b   Thumb Code    14  stm32f4xx_pwr.o(.text)
    mymemcpy                                 0x080064b5   Thumb Code    26  malloc.o(.text)
    mymemset                                 0x080064cf   Thumb Code    20  malloc.o(.text)
    my_mem_init                              0x080064e3   Thumb Code    54  malloc.o(.text)
    my_mem_perused                           0x08006519   Thumb Code    54  malloc.o(.text)
    my_mem_malloc                            0x0800654f   Thumb Code   154  malloc.o(.text)
    my_mem_free                              0x080065e9   Thumb Code    94  malloc.o(.text)
    myfree                                   0x08006647   Thumb Code    32  malloc.o(.text)
    mymalloc                                 0x08006667   Thumb Code    36  malloc.o(.text)
    myrealloc                                0x0800668b   Thumb Code    68  malloc.o(.text)
    usmart_sys_cmd_exe                       0x080066e1   Thumb Code  1554  usmart.o(.text)
    usmart_reset_runtime                     0x08006cf3   Thumb Code    38  usmart.o(.text)
    usmart_get_runtime                       0x08006d19   Thumb Code    60  usmart.o(.text)
    TIM4_IRQHandler                          0x08006d55   Thumb Code    46  usmart.o(.text)
    Timer4_Init                              0x08006d83   Thumb Code    86  usmart.o(.text)
    usmart_init                              0x08006dd9   Thumb Code    36  usmart.o(.text)
    usmart_cmd_rec                           0x08006dfd   Thumb Code   170  usmart.o(.text)
    usmart_exe                               0x08006ea7   Thumb Code   868  usmart.o(.text)
    usmart_scan                              0x0800720b   Thumb Code   120  usmart.o(.text)
    read_addr                                0x08007283   Thumb Code     6  usmart.o(.text)
    write_addr                               0x08007289   Thumb Code     4  usmart.o(.text)
    usmart_strcmp                            0x08007315   Thumb Code    34  usmart_str.o(.text)
    usmart_strcopy                           0x08007337   Thumb Code    22  usmart_str.o(.text)
    usmart_strlen                            0x0800734d   Thumb Code    24  usmart_str.o(.text)
    usmart_pow                               0x08007365   Thumb Code    22  usmart_str.o(.text)
    usmart_str2num                           0x0800737b   Thumb Code   202  usmart_str.o(.text)
    usmart_get_cmdname                       0x08007445   Thumb Code    54  usmart_str.o(.text)
    usmart_search_nextc                      0x0800747b   Thumb Code    22  usmart_str.o(.text)
    usmart_get_fname                         0x08007491   Thumb Code   440  usmart_str.o(.text)
    usmart_get_aparm                         0x08007649   Thumb Code   200  usmart_str.o(.text)
    usmart_get_parmpos                       0x08007711   Thumb Code    26  usmart_str.o(.text)
    usmart_get_fparam                        0x0800772b   Thumb Code   262  usmart_str.o(.text)
    disk_initialize                          0x0800783d   Thumb Code    52  diskio.o(.text)
    disk_status                              0x08007871   Thumb Code     6  diskio.o(.text)
    disk_read                                0x08007877   Thumb Code    98  diskio.o(.text)
    disk_write                               0x080078d9   Thumb Code    98  diskio.o(.text)
    disk_ioctl                               0x0800793b   Thumb Code   170  diskio.o(.text)
    get_fattime                              0x080079e5   Thumb Code     4  diskio.o(.text)
    ff_memalloc                              0x080079e9   Thumb Code    14  diskio.o(.text)
    ff_memfree                               0x080079f7   Thumb Code    14  diskio.o(.text)
    clust2sect                               0x08007bbb   Thumb Code    26  ff.o(.text)
    get_fat                                  0x08007bd5   Thumb Code   232  ff.o(.text)
    put_fat                                  0x08007cbd   Thumb Code   310  ff.o(.text)
    f_mount                                  0x08008fcf   Thumb Code    86  ff.o(.text)
    f_open                                   0x08009025   Thumb Code   384  ff.o(.text)
    f_read                                   0x080091a5   Thumb Code   450  ff.o(.text)
    f_write                                  0x08009367   Thumb Code   498  ff.o(.text)
    f_sync                                   0x08009559   Thumb Code   176  ff.o(.text)
    f_close                                  0x08009609   Thumb Code    32  ff.o(.text)
    f_lseek                                  0x08009629   Thumb Code   654  ff.o(.text)
    f_opendir                                0x080098b7   Thumb Code   136  ff.o(.text)
    f_closedir                               0x0800993f   Thumb Code    22  ff.o(.text)
    f_readdir                                0x08009955   Thumb Code   114  ff.o(.text)
    f_stat                                   0x080099c7   Thumb Code    84  ff.o(.text)
    f_getfree                                0x08009a1b   Thumb Code   258  ff.o(.text)
    f_truncate                               0x08009b1d   Thumb Code   184  ff.o(.text)
    f_unlink                                 0x08009bd5   Thumb Code   194  ff.o(.text)
    f_mkdir                                  0x08009c97   Thumb Code   380  ff.o(.text)
    f_chmod                                  0x08009e13   Thumb Code   112  ff.o(.text)
    f_utime                                  0x08009e83   Thumb Code   110  ff.o(.text)
    f_rename                                 0x08009ef1   Thumb Code   314  ff.o(.text)
    f_getlabel                               0x0800a02b   Thumb Code   190  ff.o(.text)
    f_setlabel                               0x0800a0e9   Thumb Code   470  ff.o(.text)
    f_mkfs                                   0x0800a2bf   Thumb Code  1570  ff.o(.text)
    f_gets                                   0x0800a8e1   Thumb Code    82  ff.o(.text)
    f_putc                                   0x0800a977   Thumb Code    64  ff.o(.text)
    f_puts                                   0x0800a9b7   Thumb Code    74  ff.o(.text)
    f_printf                                 0x0800aa01   Thumb Code   674  ff.o(.text)
    mf_mount                                 0x0800aca5   Thumb Code    20  fattester.o(.text)
    mf_open                                  0x0800acb9   Thumb Code    24  fattester.o(.text)
    mf_close                                 0x0800acd1   Thumb Code    14  fattester.o(.text)
    mf_read                                  0x0800acdf   Thumb Code   224  fattester.o(.text)
    mf_write                                 0x0800adbf   Thumb Code    68  fattester.o(.text)
    mf_opendir                               0x0800ae03   Thumb Code    14  fattester.o(.text)
    mf_closedir                              0x0800ae11   Thumb Code    10  fattester.o(.text)
    mf_readdir                               0x0800ae1b   Thumb Code   204  fattester.o(.text)
    mf_scan_files                            0x0800aee7   Thumb Code   120  fattester.o(.text)
    mf_showfree                              0x0800af5f   Thumb Code    88  fattester.o(.text)
    mf_lseek                                 0x0800afb7   Thumb Code    16  fattester.o(.text)
    mf_tell                                  0x0800afc7   Thumb Code     8  fattester.o(.text)
    mf_size                                  0x0800afcf   Thumb Code     8  fattester.o(.text)
    mf_mkdir                                 0x0800afd7   Thumb Code    12  fattester.o(.text)
    mf_fmkfs                                 0x0800afe3   Thumb Code    20  fattester.o(.text)
    mf_unlink                                0x0800aff7   Thumb Code    12  fattester.o(.text)
    mf_rename                                0x0800b003   Thumb Code    16  fattester.o(.text)
    mf_getlabel                              0x0800b013   Thumb Code    58  fattester.o(.text)
    mf_setlabel                              0x0800b04d   Thumb Code    34  fattester.o(.text)
    mf_gets                                  0x0800b06f   Thumb Code   698  fattester.o(.text)
    mf_putc                                  0x0800b329   Thumb Code    18  fattester.o(.text)
    mf_puts                                  0x0800b33b   Thumb Code    18  fattester.o(.text)
    ff_convert                               0x0800b36d   Thumb Code   146  mycc936.o(.text)
    ff_wtoupper                              0x0800b3ff   Thumb Code    46  mycc936.o(.text)
    __use_no_semihosting                     0x0800b439   Thumb Code     2  use_no_semi_2.o(.text)
    __aeabi_ldivmod                          0x0800b43b   Thumb Code     0  llsdiv.o(.text)
    _ll_sdiv                                 0x0800b43b   Thumb Code    72  llsdiv.o(.text)
    __c89vsprintf                            0x0800b485   Thumb Code    32  c89vsprintf.o(.text)
    __2printf                                0x0800b4a9   Thumb Code    20  __2printf.o(.text)
    _printf_pre_padding                      0x0800b4c1   Thumb Code    44  _printf_pad.o(.text)
    _printf_post_padding                     0x0800b4ed   Thumb Code    34  _printf_pad.o(.text)
    _printf_str                              0x0800b50f   Thumb Code    82  _printf_str.o(.text)
    _printf_int_dec                          0x0800b561   Thumb Code   104  _printf_dec.o(.text)
    _printf_longlong_hex                     0x0800b5d9   Thumb Code    86  _printf_hex_int_ll_ptr.o(.text)
    _printf_int_hex                          0x0800b62f   Thumb Code    28  _printf_hex_int_ll_ptr.o(.text)
    _printf_ll_hex                           0x0800b64b   Thumb Code    12  _printf_hex_int_ll_ptr.o(.text)
    _printf_hex_ptr                          0x0800b657   Thumb Code    18  _printf_hex_int_ll_ptr.o(.text)
    __printf                                 0x0800b66d   Thumb Code   388  __printf_flags_ss_wp.o(.text)
    memcmp                                   0x0800b7f5   Thumb Code    88  memcmp.o(.text)
    strlen                                   0x0800b84d   Thumb Code    62  strlen.o(.text)
    __aeabi_memcpy                           0x0800b88b   Thumb Code     0  rt_memcpy_v6.o(.text)
    __rt_memcpy                              0x0800b88b   Thumb Code   138  rt_memcpy_v6.o(.text)
    _memcpy_lastbytes                        0x0800b8f1   Thumb Code     0  rt_memcpy_v6.o(.text)
    __aeabi_memclr                           0x0800b915   Thumb Code     0  rt_memclr.o(.text)
    __rt_memclr                              0x0800b915   Thumb Code    68  rt_memclr.o(.text)
    _memset                                  0x0800b919   Thumb Code     0  rt_memclr.o(.text)
    strcmp                                   0x0800b959   Thumb Code   128  strcmpv7m.o(.text)
    __use_two_region_memory                  0x0800b9d9   Thumb Code     2  heapauxi.o(.text)
    __rt_heap_escrow$2region                 0x0800b9db   Thumb Code     2  heapauxi.o(.text)
    __rt_heap_expand$2region                 0x0800b9dd   Thumb Code     2  heapauxi.o(.text)
    __I$use$semihosting                      0x0800b9df   Thumb Code     0  use_no_semi.o(.text)
    __use_no_semihosting_swi                 0x0800b9df   Thumb Code     2  use_no_semi.o(.text)
    __aeabi_uldivmod                         0x0800b9e1   Thumb Code     0  lludivv7m.o(.text)
    _ll_udiv                                 0x0800b9e1   Thumb Code   238  lludivv7m.o(.text)
    _printf_truncate_signed                  0x0800bacf   Thumb Code    18  _printf_truncate.o(.text)
    _printf_truncate_unsigned                0x0800bae1   Thumb Code    18  _printf_truncate.o(.text)
    _printf_int_common                       0x0800baf3   Thumb Code   178  _printf_intcommon.o(.text)
    _printf_charcount                        0x0800bba5   Thumb Code    40  _printf_charcount.o(.text)
    _printf_char_common                      0x0800bbd7   Thumb Code    32  _printf_char_common.o(.text)
    _sputc                                   0x0800bbfd   Thumb Code    10  _sputc.o(.text)
    _printf_cs_common                        0x0800bc07   Thumb Code    20  _printf_char.o(.text)
    _printf_char                             0x0800bc1b   Thumb Code    16  _printf_char.o(.text)
    _printf_string                           0x0800bc2b   Thumb Code     8  _printf_char.o(.text)
    _printf_char_file                        0x0800bc35   Thumb Code    32  _printf_char_file.o(.text)
    _printf_wctomb                           0x0800bc59   Thumb Code   182  _printf_wctomb.o(.text)
    _printf_longlong_dec                     0x0800bd15   Thumb Code   108  _printf_longlong_dec.o(.text)
    _printf_longlong_oct                     0x0800bd91   Thumb Code    66  _printf_oct_int_ll.o(.text)
    _printf_int_oct                          0x0800bdd3   Thumb Code    24  _printf_oct_int_ll.o(.text)
    _printf_ll_oct                           0x0800bdeb   Thumb Code    12  _printf_oct_int_ll.o(.text)
    __aeabi_memcpy4                          0x0800be01   Thumb Code     0  rt_memcpy_w.o(.text)
    __aeabi_memcpy8                          0x0800be01   Thumb Code     0  rt_memcpy_w.o(.text)
    __rt_memcpy_w                            0x0800be01   Thumb Code   100  rt_memcpy_w.o(.text)
    _memcpy_lastbytes_aligned                0x0800be49   Thumb Code     0  rt_memcpy_w.o(.text)
    __aeabi_memclr4                          0x0800be65   Thumb Code     0  rt_memclr_w.o(.text)
    __aeabi_memclr8                          0x0800be65   Thumb Code     0  rt_memclr_w.o(.text)
    __rt_memclr_w                            0x0800be65   Thumb Code    78  rt_memclr_w.o(.text)
    _memset_w                                0x0800be69   Thumb Code     0  rt_memclr_w.o(.text)
    _ll_udiv10                               0x0800beb3   Thumb Code   138  lludiv10.o(.text)
    __lib_sel_fp_printf                      0x0800bf3d   Thumb Code     2  _printf_fp_dec.o(.text)
    _printf_fp_dec_real                      0x0800c0ef   Thumb Code   620  _printf_fp_dec.o(.text)
    _printf_lcs_common                       0x0800c35b   Thumb Code    20  _printf_wchar.o(.text)
    _printf_wchar                            0x0800c36f   Thumb Code    16  _printf_wchar.o(.text)
    _printf_wstring                          0x0800c37f   Thumb Code     8  _printf_wchar.o(.text)
    ferror                                   0x0800c387   Thumb Code     8  ferror.o(.text)
    _wcrtomb                                 0x0800c38f   Thumb Code    64  _wcrtomb.o(.text)
    __user_setup_stackheap                   0x0800c3cf   Thumb Code    74  sys_stackheap_outer.o(.text)
    __rt_ctype_table                         0x0800c419   Thumb Code    16  rt_ctype_table.o(.text)
    __rt_locale                              0x0800c429   Thumb Code     8  rt_locale_intlibspace.o(.text)
    _printf_fp_infnan                        0x0800c431   Thumb Code   112  _printf_fp_infnan.o(.text)
    _btod_etento                             0x0800c4b1   Thumb Code   224  bigflt0.o(.text)
    exit                                     0x0800c595   Thumb Code    18  exit.o(.text)
    __user_libspace                          0x0800c5a9   Thumb Code     8  libspace.o(.text)
    __user_perproc_libspace                  0x0800c5a9   Thumb Code     0  libspace.o(.text)
    __user_perthread_libspace                0x0800c5a9   Thumb Code     0  libspace.o(.text)
    _btod_d2e                                0x0800c5b1   Thumb Code    62  btod.o(CL$$btod_d2e)
    _d2e_denorm_low                          0x0800c5ef   Thumb Code    70  btod.o(CL$$btod_d2e_denorm_low)
    _d2e_norm_op1                            0x0800c635   Thumb Code    96  btod.o(CL$$btod_d2e_norm_op1)
    __btod_div_common                        0x0800c695   Thumb Code   696  btod.o(CL$$btod_div_common)
    _e2e                                     0x0800c9cd   Thumb Code   220  btod.o(CL$$btod_e2e)
    _btod_ediv                               0x0800caa9   Thumb Code    42  btod.o(CL$$btod_ediv)
    _btod_emul                               0x0800cad3   Thumb Code    42  btod.o(CL$$btod_emul)
    __btod_mult_common                       0x0800cafd   Thumb Code   580  btod.o(CL$$btod_mult_common)
    __ARM_fpclassify                         0x0800cd41   Thumb Code    48  fpclassify.o(i.__ARM_fpclassify)
    _is_digit                                0x0800cd71   Thumb Code    14  __printf_wp.o(i._is_digit)
    _get_lc_numeric                          0x0800cd81   Thumb Code    44  lc_numeric_c.o(locale$$code)
    _get_lc_ctype                            0x0800cdad   Thumb Code    44  lc_ctype_c.o(locale$$code)
    _fp_init                                 0x0800cdd9   Thumb Code    10  fpinit.o(x$fpl$fpinit)
    __fplib_config_fpu_vfp                   0x0800cde1   Thumb Code     0  fpinit.o(x$fpl$fpinit)
    __fplib_config_pureend_doubles           0x0800cde1   Thumb Code     0  fpinit.o(x$fpl$fpinit)
    _printf_fp_dec                           0x0800cde3   Thumb Code     4  printf1.o(x$fpl$printf1)
    __I$use$fp                               0x0800cde6   Number         0  usenofp.o(x$fpl$usenofp)
    memtblsize                               0x0800cde8   Data          12  malloc.o(.constdata)
    memblksize                               0x0800cdf4   Data          12  malloc.o(.constdata)
    memsize                                  0x0800ce00   Data          12  malloc.o(.constdata)
    Region$$Table$$Base                      0x0800d624   Number         0  anon$$obj.o(Region$$Table)
    Region$$Table$$Limit                     0x0800d644   Number         0  anon$$obj.o(Region$$Table)
    __ctype                                  0x0800d66d   Data           0  lc_ctype_c.o(locale$$data)
    mem3base                                 0x10000000   Data       61440  malloc.o(.ARM.__AT_0x10000000)
    mem3mapbase                              0x1000f000   Data        3840  malloc.o(.ARM.__AT_0x1000F000)
    SystemCoreClock                          0x20000000   Data           4  system_stm32f4xx.o(.data)
    AHBPrescTable                            0x20000004   Data          16  system_stm32f4xx.o(.data)
    W25QXX_TYPE                              0x20000014   Data           2  w25qxx.o(.data)
    TransferError                            0x20000022   Data           1  sdio_sdcard.o(.data)
    TransferEnd                              0x20000023   Data           1  sdio_sdcard.o(.data)
    tempbuff                                 0x20000024   Data           4  sdio_sdcard.o(.data)
    USART2_RX_STA                            0x20000028   Data           2  usart2.o(.data)
    NVIC_InitStructure                       0x2000002a   Data           4  rtc.o(.data)
    USART3_RX_STA                            0x2000002e   Data           2  usart3.o(.data)
    __stdout                                 0x20000034   Data           4  usart.o(.data)
    USART_RX_STA                             0x20000038   Data           2  usart.o(.data)
    mallco_dev                               0x2000004c   Data          36  malloc.o(.data)
    sys_cmd_tab                              0x20000070   Data          28  usmart.o(.data)
    usmart_nametab                           0x2000008c   Data         216  usmart_config.o(.data)
    usmart_dev                               0x20000164   Data         244  usmart_config.o(.data)
    FLASH_SECTOR_COUNT                       0x20000258   Data           2  diskio.o(.data)
    FILE_TYPE_TBL                            0x20000268   Data         312  exfuns.o(.data)
    fs                                       0x200003a0   Data           8  exfuns.o(.data)
    file                                     0x200003a8   Data           4  exfuns.o(.data)
    ftemp                                    0x200003ac   Data           4  exfuns.o(.data)
    br                                       0x200003b0   Data           4  exfuns.o(.data)
    bw                                       0x200003b4   Data           4  exfuns.o(.data)
    fatbuf                                   0x200003b8   Data           4  exfuns.o(.data)
    W25QXX_BUFFER                            0x200003bc   Data        4096  w25qxx.o(.bss)
    SDIO_InitStructure                       0x200013c0   Data          24  sdio_sdcard.o(.bss)
    SDIO_CmdInitStructure                    0x200013d8   Data          20  sdio_sdcard.o(.bss)
    SDIO_DataInitStructure                   0x200013ec   Data          24  sdio_sdcard.o(.bss)
    SDCardInfo                               0x20001428   Data          88  sdio_sdcard.o(.bss)
    SDIO_DATA_BUFFER                         0x20001480   Data         512  sdio_sdcard.o(.bss)
    USART2_TX_BUF                            0x20001680   Data         400  usart2.o(.bss)
    USART2_RX_BUF                            0x20001810   Data         400  usart2.o(.bss)
    USART3_RX_BUF                            0x200019a0   Data         200  usart3.o(.bss)
    USART_RX_BUF                             0x20001a68   Data         200  usart.o(.bss)
    mem1base                                 0x20001b40   Data       102400  malloc.o(.bss)
    mem1mapbase                              0x2001ab40   Data        6400  malloc.o(.bss)
    fileinfo                                 0x2001c440   Data          32  exfuns.o(.bss)
    dir                                      0x2001c460   Data          36  exfuns.o(.bss)
    ftinfo                                   0x2001c484   Data          33  fontupd.o(.bss)
    __libspace_start                         0x2001c4a8   Data          96  libspace.o(.bss)
    __temporary_stack_top$libspace           0x2001c508   Data           0  libspace.o(.bss)
    mem2base                                 0x68000000   Data       983040  malloc.o(.ARM.__AT_0x68000000)
    mem2mapbase                              0x680f0000   Data       61440  malloc.o(.ARM.__AT_0x680F0000)



==============================================================================

Memory Map of the image

  Image Entry point : 0x08000189

  Load Region LR_IROM1 (Base: 0x08000000, Size: 0x0000db2c, Max: 0x00100000, ABSOLUTE, COMPRESSED[0x0000d8d0])

    Execution Region ER_IROM1 (Exec base: 0x08000000, Load base: 0x08000000, Size: 0x0000d770, Max: 0x00100000, ABSOLUTE)

    Exec Addr    Load Addr    Size         Type   Attr      Idx    E Section Name        Object

    0x08000000   0x08000000   0x00000188   Data   RO          734    RESET               startup_stm32f40_41xxx.o
    0x08000188   0x08000188   0x00000008   Code   RO         1379  * !!!main             c_w.l(__main.o)
    0x08000190   0x08000190   0x00000034   Code   RO         1658    !!!scatter          c_w.l(__scatter.o)
    0x080001c4   0x080001c4   0x0000005a   Code   RO         1656    !!dczerorl2         c_w.l(__dczerorl2.o)
    0x0800021e   0x0800021e   0x00000002   PAD
    0x08000220   0x08000220   0x0000001c   Code   RO         1660    !!handler_zi        c_w.l(__scatter_zi.o)
    0x0800023c   0x0800023c   0x00000000   Code   RO         1360    .ARM.Collect$$_printf_percent$$00000000  c_w.l(_printf_percent.o)
    0x0800023c   0x0800023c   0x00000006   Code   RO         1411    .ARM.Collect$$_printf_percent$$00000001  c_w.l(_printf_n.o)
    0x08000242   0x08000242   0x00000006   Code   RO         1412    .ARM.Collect$$_printf_percent$$00000002  c_w.l(_printf_p.o)
    0x08000248   0x08000248   0x00000006   Code   RO         1415    .ARM.Collect$$_printf_percent$$00000003  c_w.l(_printf_f.o)
    0x0800024e   0x0800024e   0x00000006   Code   RO         1416    .ARM.Collect$$_printf_percent$$00000004  c_w.l(_printf_e.o)
    0x08000254   0x08000254   0x00000006   Code   RO         1417    .ARM.Collect$$_printf_percent$$00000005  c_w.l(_printf_g.o)
    0x0800025a   0x0800025a   0x00000006   Code   RO         1418    .ARM.Collect$$_printf_percent$$00000006  c_w.l(_printf_a.o)
    0x08000260   0x08000260   0x0000000a   Code   RO         1423    .ARM.Collect$$_printf_percent$$00000007  c_w.l(_printf_ll.o)
    0x0800026a   0x0800026a   0x00000006   Code   RO         1414    .ARM.Collect$$_printf_percent$$00000008  c_w.l(_printf_i.o)
    0x08000270   0x08000270   0x00000006   Code   RO         1358    .ARM.Collect$$_printf_percent$$00000009  c_w.l(_printf_d.o)
    0x08000276   0x08000276   0x00000006   Code   RO         1359    .ARM.Collect$$_printf_percent$$0000000A  c_w.l(_printf_u.o)
    0x0800027c   0x0800027c   0x00000006   Code   RO         1413    .ARM.Collect$$_printf_percent$$0000000B  c_w.l(_printf_o.o)
    0x08000282   0x08000282   0x00000006   Code   RO         1357    .ARM.Collect$$_printf_percent$$0000000C  c_w.l(_printf_x.o)
    0x08000288   0x08000288   0x00000006   Code   RO         1420    .ARM.Collect$$_printf_percent$$0000000D  c_w.l(_printf_lli.o)
    0x0800028e   0x0800028e   0x00000006   Code   RO         1421    .ARM.Collect$$_printf_percent$$0000000E  c_w.l(_printf_lld.o)
    0x08000294   0x08000294   0x00000006   Code   RO         1422    .ARM.Collect$$_printf_percent$$0000000F  c_w.l(_printf_llu.o)
    0x0800029a   0x0800029a   0x00000006   Code   RO         1427    .ARM.Collect$$_printf_percent$$00000010  c_w.l(_printf_llo.o)
    0x080002a0   0x080002a0   0x00000006   Code   RO         1428    .ARM.Collect$$_printf_percent$$00000011  c_w.l(_printf_llx.o)
    0x080002a6   0x080002a6   0x0000000a   Code   RO         1424    .ARM.Collect$$_printf_percent$$00000012  c_w.l(_printf_l.o)
    0x080002b0   0x080002b0   0x00000006   Code   RO         1355    .ARM.Collect$$_printf_percent$$00000013  c_w.l(_printf_c.o)
    0x080002b6   0x080002b6   0x00000006   Code   RO         1356    .ARM.Collect$$_printf_percent$$00000014  c_w.l(_printf_s.o)
    0x080002bc   0x080002bc   0x00000006   Code   RO         1425    .ARM.Collect$$_printf_percent$$00000015  c_w.l(_printf_lc.o)
    0x080002c2   0x080002c2   0x00000006   Code   RO         1426    .ARM.Collect$$_printf_percent$$00000016  c_w.l(_printf_ls.o)
    0x080002c8   0x080002c8   0x00000004   Code   RO         1419    .ARM.Collect$$_printf_percent$$00000017  c_w.l(_printf_percent_end.o)
    0x080002cc   0x080002cc   0x00000002   Code   RO         1516    .ARM.Collect$$libinit$$00000000  c_w.l(libinit.o)
    0x080002ce   0x080002ce   0x00000004   Code   RO         1534    .ARM.Collect$$libinit$$00000001  c_w.l(libinit2.o)
    0x080002d2   0x080002d2   0x00000000   Code   RO         1537    .ARM.Collect$$libinit$$00000004  c_w.l(libinit2.o)
    0x080002d2   0x080002d2   0x00000000   Code   RO         1540    .ARM.Collect$$libinit$$0000000A  c_w.l(libinit2.o)
    0x080002d2   0x080002d2   0x00000000   Code   RO         1542    .ARM.Collect$$libinit$$0000000C  c_w.l(libinit2.o)
    0x080002d2   0x080002d2   0x00000000   Code   RO         1544    .ARM.Collect$$libinit$$0000000E  c_w.l(libinit2.o)
    0x080002d2   0x080002d2   0x00000006   Code   RO         1545    .ARM.Collect$$libinit$$0000000F  c_w.l(libinit2.o)
    0x080002d8   0x080002d8   0x00000000   Code   RO         1547    .ARM.Collect$$libinit$$00000011  c_w.l(libinit2.o)
    0x080002d8   0x080002d8   0x0000000c   Code   RO         1548    .ARM.Collect$$libinit$$00000012  c_w.l(libinit2.o)
    0x080002e4   0x080002e4   0x00000000   Code   RO         1549    .ARM.Collect$$libinit$$00000013  c_w.l(libinit2.o)
    0x080002e4   0x080002e4   0x00000000   Code   RO         1551    .ARM.Collect$$libinit$$00000015  c_w.l(libinit2.o)
    0x080002e4   0x080002e4   0x0000000a   Code   RO         1552    .ARM.Collect$$libinit$$00000016  c_w.l(libinit2.o)
    0x080002ee   0x080002ee   0x00000000   Code   RO         1553    .ARM.Collect$$libinit$$00000017  c_w.l(libinit2.o)
    0x080002ee   0x080002ee   0x00000000   Code   RO         1555    .ARM.Collect$$libinit$$00000019  c_w.l(libinit2.o)
    0x080002ee   0x080002ee   0x00000000   Code   RO         1557    .ARM.Collect$$libinit$$0000001B  c_w.l(libinit2.o)
    0x080002ee   0x080002ee   0x00000000   Code   RO         1559    .ARM.Collect$$libinit$$0000001D  c_w.l(libinit2.o)
    0x080002ee   0x080002ee   0x00000000   Code   RO         1561    .ARM.Collect$$libinit$$0000001F  c_w.l(libinit2.o)
    0x080002ee   0x080002ee   0x00000000   Code   RO         1563    .ARM.Collect$$libinit$$00000021  c_w.l(libinit2.o)
    0x080002ee   0x080002ee   0x00000000   Code   RO         1565    .ARM.Collect$$libinit$$00000023  c_w.l(libinit2.o)
    0x080002ee   0x080002ee   0x00000000   Code   RO         1567    .ARM.Collect$$libinit$$00000025  c_w.l(libinit2.o)
    0x080002ee   0x080002ee   0x00000000   Code   RO         1571    .ARM.Collect$$libinit$$0000002C  c_w.l(libinit2.o)
    0x080002ee   0x080002ee   0x00000000   Code   RO         1573    .ARM.Collect$$libinit$$0000002E  c_w.l(libinit2.o)
    0x080002ee   0x080002ee   0x00000000   Code   RO         1575    .ARM.Collect$$libinit$$00000030  c_w.l(libinit2.o)
    0x080002ee   0x080002ee   0x00000000   Code   RO         1577    .ARM.Collect$$libinit$$00000032  c_w.l(libinit2.o)
    0x080002ee   0x080002ee   0x00000002   Code   RO         1578    .ARM.Collect$$libinit$$00000033  c_w.l(libinit2.o)
    0x080002f0   0x080002f0   0x00000002   Code   RO         1606    .ARM.Collect$$libshutdown$$00000000  c_w.l(libshutdown.o)
    0x080002f2   0x080002f2   0x00000000   Code   RO         1620    .ARM.Collect$$libshutdown$$00000002  c_w.l(libshutdown2.o)
    0x080002f2   0x080002f2   0x00000000   Code   RO         1622    .ARM.Collect$$libshutdown$$00000004  c_w.l(libshutdown2.o)
    0x080002f2   0x080002f2   0x00000000   Code   RO         1624    .ARM.Collect$$libshutdown$$00000006  c_w.l(libshutdown2.o)
    0x080002f2   0x080002f2   0x00000000   Code   RO         1627    .ARM.Collect$$libshutdown$$00000009  c_w.l(libshutdown2.o)
    0x080002f2   0x080002f2   0x00000000   Code   RO         1630    .ARM.Collect$$libshutdown$$0000000C  c_w.l(libshutdown2.o)
    0x080002f2   0x080002f2   0x00000000   Code   RO         1632    .ARM.Collect$$libshutdown$$0000000E  c_w.l(libshutdown2.o)
    0x080002f2   0x080002f2   0x00000000   Code   RO         1635    .ARM.Collect$$libshutdown$$00000011  c_w.l(libshutdown2.o)
    0x080002f2   0x080002f2   0x00000002   Code   RO         1636    .ARM.Collect$$libshutdown$$00000012  c_w.l(libshutdown2.o)
    0x080002f4   0x080002f4   0x00000000   Code   RO         1383    .ARM.Collect$$rtentry$$00000000  c_w.l(__rtentry.o)
    0x080002f4   0x080002f4   0x00000000   Code   RO         1436    .ARM.Collect$$rtentry$$00000002  c_w.l(__rtentry2.o)
    0x080002f4   0x080002f4   0x00000006   Code   RO         1448    .ARM.Collect$$rtentry$$00000004  c_w.l(__rtentry4.o)
    0x080002fa   0x080002fa   0x00000000   Code   RO         1438    .ARM.Collect$$rtentry$$00000009  c_w.l(__rtentry2.o)
    0x080002fa   0x080002fa   0x00000004   Code   RO         1439    .ARM.Collect$$rtentry$$0000000A  c_w.l(__rtentry2.o)
    0x080002fe   0x080002fe   0x00000000   Code   RO         1441    .ARM.Collect$$rtentry$$0000000C  c_w.l(__rtentry2.o)
    0x080002fe   0x080002fe   0x00000008   Code   RO         1442    .ARM.Collect$$rtentry$$0000000D  c_w.l(__rtentry2.o)
    0x08000306   0x08000306   0x00000002   Code   RO         1525    .ARM.Collect$$rtexit$$00000000  c_w.l(rtexit.o)
    0x08000308   0x08000308   0x00000000   Code   RO         1580    .ARM.Collect$$rtexit$$00000002  c_w.l(rtexit2.o)
    0x08000308   0x08000308   0x00000004   Code   RO         1581    .ARM.Collect$$rtexit$$00000003  c_w.l(rtexit2.o)
    0x0800030c   0x0800030c   0x00000006   Code   RO         1582    .ARM.Collect$$rtexit$$00000004  c_w.l(rtexit2.o)
    0x08000312   0x08000312   0x00000002   PAD
    0x08000314   0x08000314   0x00000010   Code   RO          685    .emb_text           sys.o
    0x08000324   0x08000324   0x00000070   Code   RO            3    .text               main.o
    0x08000394   0x08000394   0x0000001a   Code   RO          142    .text               stm32f4xx_it.o
    0x080003ae   0x080003ae   0x00000002   PAD
    0x080003b0   0x080003b0   0x00000210   Code   RO          162    .text               system_stm32f4xx.o
    0x080005c0   0x080005c0   0x00000118   Code   RO          258    .text               spi.o
    0x080006d8   0x080006d8   0x00000388   Code   RO          281    .text               w25qxx.o
    0x08000a60   0x08000a60   0x00001d5c   Code   RO          316    .text               sdio_sdcard.o
    0x080027bc   0x080027bc   0x00000184   Code   RO          477    .text               usart2.o
    0x08002940   0x08002940   0x00000080   Code   RO          514    .text               timer.o
    0x080029c0   0x080029c0   0x00000244   Code   RO          584    .text               rtc.o
    0x08002c04   0x08002c04   0x00000174   Code   RO          610    .text               usart3.o
    0x08002d78   0x08002d78   0x00000104   Code   RO          663    .text               delay.o
    0x08002e7c   0x08002e7c   0x00000148   Code   RO          703    .text               usart.o
    0x08002fc4   0x08002fc4   0x00000040   Code   RO          735    .text               startup_stm32f40_41xxx.o
    0x08003004   0x08003004   0x000000e0   Code   RO          741    .text               misc.o
    0x080030e4   0x080030e4   0x00000294   Code   RO          761    .text               stm32f4xx_gpio.o
    0x08003378   0x08003378   0x0000065c   Code   RO          804    .text               stm32f4xx_rcc.o
    0x080039d4   0x080039d4   0x00000454   Code   RO          826    .text               stm32f4xx_usart.o
    0x08003e28   0x08003e28   0x00000ca2   Code   RO          846    .text               stm32f4xx_tim.o
    0x08004aca   0x08004aca   0x00000002   PAD
    0x08004acc   0x08004acc   0x00000480   Code   RO          886    .text               stm32f4xx_spi.o
    0x08004f4c   0x08004f4c   0x000001dc   Code   RO          906    .text               stm32f4xx_sdio.o
    0x08005128   0x08005128   0x000003a8   Code   RO          926    .text               stm32f4xx_dma.o
    0x080054d0   0x080054d0   0x00000d68   Code   RO          946    .text               stm32f4xx_rtc.o
    0x08006238   0x08006238   0x00000110   Code   RO          966    .text               stm32f4xx_exti.o
    0x08006348   0x08006348   0x0000016c   Code   RO          986    .text               stm32f4xx_pwr.o
    0x080064b4   0x080064b4   0x0000022c   Code   RO         1026    .text               malloc.o
    0x080066e0   0x080066e0   0x00000c34   Code   RO         1058    .text               usmart.o
    0x08007314   0x08007314   0x00000528   Code   RO         1122    .text               usmart_str.o
    0x0800783c   0x0800783c   0x000001d0   Code   RO         1142    .text               diskio.o
    0x08007a0c   0x08007a0c   0x00003296   Code   RO         1174    .text               ff.o
    0x0800aca2   0x0800aca2   0x00000002   PAD
    0x0800aca4   0x0800aca4   0x000006c8   Code   RO         1222    .text               fattester.o
    0x0800b36c   0x0800b36c   0x000000cc   Code   RO         1246    .text               mycc936.o
    0x0800b438   0x0800b438   0x00000002   Code   RO         1296    .text               c_w.l(use_no_semi_2.o)
    0x0800b43a   0x0800b43a   0x00000048   Code   RO         1298    .text               c_w.l(llsdiv.o)
    0x0800b482   0x0800b482   0x00000002   PAD
    0x0800b484   0x0800b484   0x00000024   Code   RO         1300    .text               c_w.l(c89vsprintf.o)
    0x0800b4a8   0x0800b4a8   0x00000018   Code   RO         1302    .text               c_w.l(__2printf.o)
    0x0800b4c0   0x0800b4c0   0x0000004e   Code   RO         1308    .text               c_w.l(_printf_pad.o)
    0x0800b50e   0x0800b50e   0x00000052   Code   RO         1310    .text               c_w.l(_printf_str.o)
    0x0800b560   0x0800b560   0x00000078   Code   RO         1312    .text               c_w.l(_printf_dec.o)
    0x0800b5d8   0x0800b5d8   0x00000094   Code   RO         1332    .text               c_w.l(_printf_hex_int_ll_ptr.o)
    0x0800b66c   0x0800b66c   0x00000188   Code   RO         1352    .text               c_w.l(__printf_flags_ss_wp.o)
    0x0800b7f4   0x0800b7f4   0x00000058   Code   RO         1363    .text               c_w.l(memcmp.o)
    0x0800b84c   0x0800b84c   0x0000003e   Code   RO         1367    .text               c_w.l(strlen.o)
    0x0800b88a   0x0800b88a   0x0000008a   Code   RO         1371    .text               c_w.l(rt_memcpy_v6.o)
    0x0800b914   0x0800b914   0x00000044   Code   RO         1373    .text               c_w.l(rt_memclr.o)
    0x0800b958   0x0800b958   0x00000080   Code   RO         1375    .text               c_w.l(strcmpv7m.o)
    0x0800b9d8   0x0800b9d8   0x00000006   Code   RO         1377    .text               c_w.l(heapauxi.o)
    0x0800b9de   0x0800b9de   0x00000002   Code   RO         1381    .text               c_w.l(use_no_semi.o)
    0x0800b9e0   0x0800b9e0   0x000000ee   Code   RO         1384    .text               c_w.l(lludivv7m.o)
    0x0800bace   0x0800bace   0x00000024   Code   RO         1386    .text               c_w.l(_printf_truncate.o)
    0x0800baf2   0x0800baf2   0x000000b2   Code   RO         1388    .text               c_w.l(_printf_intcommon.o)
    0x0800bba4   0x0800bba4   0x00000028   Code   RO         1390    .text               c_w.l(_printf_charcount.o)
    0x0800bbcc   0x0800bbcc   0x00000030   Code   RO         1392    .text               c_w.l(_printf_char_common.o)
    0x0800bbfc   0x0800bbfc   0x0000000a   Code   RO         1394    .text               c_w.l(_sputc.o)
    0x0800bc06   0x0800bc06   0x0000002c   Code   RO         1396    .text               c_w.l(_printf_char.o)
    0x0800bc32   0x0800bc32   0x00000002   PAD
    0x0800bc34   0x0800bc34   0x00000024   Code   RO         1398    .text               c_w.l(_printf_char_file.o)
    0x0800bc58   0x0800bc58   0x000000bc   Code   RO         1400    .text               c_w.l(_printf_wctomb.o)
    0x0800bd14   0x0800bd14   0x0000007c   Code   RO         1403    .text               c_w.l(_printf_longlong_dec.o)
    0x0800bd90   0x0800bd90   0x00000070   Code   RO         1409    .text               c_w.l(_printf_oct_int_ll.o)
    0x0800be00   0x0800be00   0x00000064   Code   RO         1429    .text               c_w.l(rt_memcpy_w.o)
    0x0800be64   0x0800be64   0x0000004e   Code   RO         1431    .text               c_w.l(rt_memclr_w.o)
    0x0800beb2   0x0800beb2   0x0000008a   Code   RO         1454    .text               c_w.l(lludiv10.o)
    0x0800bf3c   0x0800bf3c   0x0000041e   Code   RO         1456    .text               c_w.l(_printf_fp_dec.o)
    0x0800c35a   0x0800c35a   0x0000002c   Code   RO         1460    .text               c_w.l(_printf_wchar.o)
    0x0800c386   0x0800c386   0x00000008   Code   RO         1462    .text               c_w.l(ferror.o)
    0x0800c38e   0x0800c38e   0x00000040   Code   RO         1466    .text               c_w.l(_wcrtomb.o)
    0x0800c3ce   0x0800c3ce   0x0000004a   Code   RO         1468    .text               c_w.l(sys_stackheap_outer.o)
    0x0800c418   0x0800c418   0x00000010   Code   RO         1470    .text               c_w.l(rt_ctype_table.o)
    0x0800c428   0x0800c428   0x00000008   Code   RO         1477    .text               c_w.l(rt_locale_intlibspace.o)
    0x0800c430   0x0800c430   0x00000080   Code   RO         1479    .text               c_w.l(_printf_fp_infnan.o)
    0x0800c4b0   0x0800c4b0   0x000000e4   Code   RO         1481    .text               c_w.l(bigflt0.o)
    0x0800c594   0x0800c594   0x00000012   Code   RO         1509    .text               c_w.l(exit.o)
    0x0800c5a6   0x0800c5a6   0x00000002   PAD
    0x0800c5a8   0x0800c5a8   0x00000008   Code   RO         1522    .text               c_w.l(libspace.o)
    0x0800c5b0   0x0800c5b0   0x0000003e   Code   RO         1484    CL$$btod_d2e        c_w.l(btod.o)
    0x0800c5ee   0x0800c5ee   0x00000046   Code   RO         1486    CL$$btod_d2e_denorm_low  c_w.l(btod.o)
    0x0800c634   0x0800c634   0x00000060   Code   RO         1485    CL$$btod_d2e_norm_op1  c_w.l(btod.o)
    0x0800c694   0x0800c694   0x00000338   Code   RO         1494    CL$$btod_div_common  c_w.l(btod.o)
    0x0800c9cc   0x0800c9cc   0x000000dc   Code   RO         1491    CL$$btod_e2e        c_w.l(btod.o)
    0x0800caa8   0x0800caa8   0x0000002a   Code   RO         1488    CL$$btod_ediv       c_w.l(btod.o)
    0x0800cad2   0x0800cad2   0x0000002a   Code   RO         1487    CL$$btod_emul       c_w.l(btod.o)
    0x0800cafc   0x0800cafc   0x00000244   Code   RO         1493    CL$$btod_mult_common  c_w.l(btod.o)
    0x0800cd40   0x0800cd40   0x00000030   Code   RO         1520    i.__ARM_fpclassify  m_wm.l(fpclassify.o)
    0x0800cd70   0x0800cd70   0x0000000e   Code   RO         1345    i._is_digit         c_w.l(__printf_wp.o)
    0x0800cd7e   0x0800cd7e   0x00000002   PAD
    0x0800cd80   0x0800cd80   0x0000002c   Code   RO         1507    locale$$code        c_w.l(lc_numeric_c.o)
    0x0800cdac   0x0800cdac   0x0000002c   Code   RO         1528    locale$$code        c_w.l(lc_ctype_c.o)
    0x0800cdd8   0x0800cdd8   0x0000000a   Code   RO         1594    x$fpl$fpinit        fz_wm.l(fpinit.o)
    0x0800cde2   0x0800cde2   0x00000004   Code   RO         1433    x$fpl$printf1       fz_wm.l(printf1.o)
    0x0800cde6   0x0800cde6   0x00000000   Code   RO         1519    x$fpl$usenofp       fz_wm.l(usenofp.o)
    0x0800cde6   0x0800cde6   0x00000002   PAD
    0x0800cde8   0x0800cde8   0x00000024   Data   RO         1032    .constdata          malloc.o
    0x0800ce0c   0x0800ce0c   0x0000003a   Data   RO         1175    .constdata          ff.o
    0x0800ce46   0x0800ce46   0x000003c0   Data   RO         1247    .constdata          mycc936.o
    0x0800d206   0x0800d206   0x00000028   Data   RO         1333    .constdata          c_w.l(_printf_hex_int_ll_ptr.o)
    0x0800d22e   0x0800d22e   0x00000011   Data   RO         1353    .constdata          c_w.l(__printf_flags_ss_wp.o)
    0x0800d23f   0x0800d23f   0x00000001   PAD
    0x0800d240   0x0800d240   0x00000008   Data   RO         1401    .constdata          c_w.l(_printf_wctomb.o)
    0x0800d248   0x0800d248   0x00000094   Data   RO         1482    .constdata          c_w.l(bigflt0.o)
    0x0800d2dc   0x0800d2dc   0x00000028   Data   RO         1059    .conststring        usmart.o
    0x0800d304   0x0800d304   0x000002b9   Data   RO         1089    .conststring        usmart_config.o
    0x0800d5bd   0x0800d5bd   0x00000003   PAD
    0x0800d5c0   0x0800d5c0   0x00000064   Data   RO         1196    .conststring        exfuns.o
    0x0800d624   0x0800d624   0x00000020   Data   RO         1654    Region$$Table       anon$$obj.o
    0x0800d644   0x0800d644   0x0000001c   Data   RO         1506    locale$$data        c_w.l(lc_numeric_c.o)
    0x0800d660   0x0800d660   0x00000110   Data   RO         1527    locale$$data        c_w.l(lc_ctype_c.o)


    Execution Region RW_IRAM1 (Exec base: 0x20000000, Load base: 0x0800d770, Size: 0x0001cb08, Max: 0x00020000, ABSOLUTE, COMPRESSED[0x00000160])

    Exec Addr    Load Addr    Size         Type   Attr      Idx    E Section Name        Object

    0x20000000   COMPRESSED   0x00000014   Data   RW          163    .data               system_stm32f4xx.o
    0x20000014   COMPRESSED   0x00000002   Data   RW          283    .data               w25qxx.o
    0x20000016   COMPRESSED   0x00000002   PAD
    0x20000018   COMPRESSED   0x00000010   Data   RW          318    .data               sdio_sdcard.o
    0x20000028   COMPRESSED   0x00000002   Data   RW          479    .data               usart2.o
    0x2000002a   COMPRESSED   0x00000004   Data   RW          585    .data               rtc.o
    0x2000002e   COMPRESSED   0x00000002   Data   RW          612    .data               usart3.o
    0x20000030   COMPRESSED   0x00000004   Data   RW          664    .data               delay.o
    0x20000034   COMPRESSED   0x00000006   Data   RW          705    .data               usart.o
    0x2000003a   COMPRESSED   0x00000010   Data   RW          805    .data               stm32f4xx_rcc.o
    0x2000004a   COMPRESSED   0x00000002   PAD
    0x2000004c   COMPRESSED   0x00000024   Data   RW         1033    .data               malloc.o
    0x20000070   COMPRESSED   0x0000001c   Data   RW         1060    .data               usmart.o
    0x2000008c   COMPRESSED   0x000001cc   Data   RW         1090    .data               usmart_config.o
    0x20000258   COMPRESSED   0x00000002   Data   RW         1143    .data               diskio.o
    0x2000025a   COMPRESSED   0x00000002   PAD
    0x2000025c   COMPRESSED   0x0000000a   Data   RW         1176    .data               ff.o
    0x20000266   COMPRESSED   0x00000002   PAD
    0x20000268   COMPRESSED   0x00000154   Data   RW         1197    .data               exfuns.o
    0x200003bc        -       0x00001000   Zero   RW          282    .bss                w25qxx.o
    0x200013bc   COMPRESSED   0x00000004   PAD
    0x200013c0        -       0x000002c0   Zero   RW          317    .bss                sdio_sdcard.o
    0x20001680        -       0x00000320   Zero   RW          478    .bss                usart2.o
    0x200019a0        -       0x000000c8   Zero   RW          611    .bss                usart3.o
    0x20001a68        -       0x000000c8   Zero   RW          704    .bss                usart.o
    0x20001b30   COMPRESSED   0x00000010   PAD
    0x20001b40        -       0x0001a900   Zero   RW         1031    .bss                malloc.o
    0x2001c440        -       0x00000044   Zero   RW         1195    .bss                exfuns.o
    0x2001c484        -       0x00000021   Zero   RW         1268    .bss                fontupd.o
    0x2001c4a5   COMPRESSED   0x00000003   PAD
    0x2001c4a8        -       0x00000060   Zero   RW         1523    .bss                c_w.l(libspace.o)
    0x2001c508        -       0x00000200   Zero   RW          733    HEAP                startup_stm32f40_41xxx.o
    0x2001c708        -       0x00000400   Zero   RW          732    STACK               startup_stm32f40_41xxx.o



  Load Region LR$$.ARM.__AT_0x10000000 (Base: 0x10000000, Size: 0x00000000, Max: 0x0000f000, ABSOLUTE)

    Execution Region ER$$.ARM.__AT_0x10000000 (Exec base: 0x10000000, Load base: 0x10000000, Size: 0x0000f000, Max: 0x0000f000, ABSOLUTE, UNINIT)

    Exec Addr    Load Addr    Size         Type   Attr      Idx    E Section Name        Object

    0x10000000        -       0x0000f000   Zero   RW         1027    .ARM.__AT_0x10000000  malloc.o



  Load Region LR$$.ARM.__AT_0x1000F000 (Base: 0x1000f000, Size: 0x00000000, Max: 0x00000f00, ABSOLUTE)

    Execution Region ER$$.ARM.__AT_0x1000F000 (Exec base: 0x1000f000, Load base: 0x1000f000, Size: 0x00000f00, Max: 0x00000f00, ABSOLUTE, UNINIT)

    Exec Addr    Load Addr    Size         Type   Attr      Idx    E Section Name        Object

    0x1000f000        -       0x00000f00   Zero   RW         1028    .ARM.__AT_0x1000F000  malloc.o



  Load Region LR$$.ARM.__AT_0x68000000 (Base: 0x68000000, Size: 0x00000000, Max: 0x000f0000, ABSOLUTE)

    Execution Region ER$$.ARM.__AT_0x68000000 (Exec base: 0x68000000, Load base: 0x68000000, Size: 0x000f0000, Max: 0x000f0000, ABSOLUTE, UNINIT)

    Exec Addr    Load Addr    Size         Type   Attr      Idx    E Section Name        Object

    0x68000000        -       0x000f0000   Zero   RW         1029    .ARM.__AT_0x68000000  malloc.o



  Load Region LR$$.ARM.__AT_0x680F0000 (Base: 0x680f0000, Size: 0x00000000, Max: 0x0000f000, ABSOLUTE)

    Execution Region ER$$.ARM.__AT_0x680F0000 (Exec base: 0x680f0000, Load base: 0x680f0000, Size: 0x0000f000, Max: 0x0000f000, ABSOLUTE, UNINIT)

    Exec Addr    Load Addr    Size         Type   Attr      Idx    E Section Name        Object

    0x680f0000        -       0x0000f000   Zero   RW         1030    .ARM.__AT_0x680F0000  malloc.o


==============================================================================

Image component sizes


      Code (inc. data)   RO Data    RW Data    ZI Data      Debug   Object Name

       260          8          0          4          0       1461   delay.o
       464          8          0          2          0       4326   diskio.o
         0          0        100        340         68        888   exfuns.o
      1736        690          0          0          0       5944   fattester.o
     12950        138         58         10          0      37634   ff.o
         0          0          0          0         33       1377   fontupd.o
         0          0          0          0          0     231456   led.o
       112          4          0          0          0      97709   main.o
       556         18         36         36    1218560       4953   malloc.o
       224         20          0          0          0       1801   misc.o
       204         12        960          0          0       1657   mycc936.o
       580         22          0          4          0       2828   rtc.o
      7516        282          0         16        704      25237   sdio_sdcard.o
       280          8          0          0          0       1069   spi.o
        64         26        392          0       1536        820   startup_stm32f40_41xxx.o
       936         32          0          0          0       6373   stm32f4xx_dma.o
       272         10          0          0          0       2271   stm32f4xx_exti.o
       660         44          0          0          0       4141   stm32f4xx_gpio.o
        26          0          0          0          0       1214   stm32f4xx_it.o
       364         12          0          0          0       3783   stm32f4xx_pwr.o
      1628         52          0         16          0      13008   stm32f4xx_rcc.o
      3432         44          0          0          0      15412   stm32f4xx_rtc.o
       476         16          0          0          0       7404   stm32f4xx_sdio.o
      1152         36          0          0          0       6889   stm32f4xx_spi.o
      3234         60          0          0          0      22996   stm32f4xx_tim.o
      1108         34          0          0          0       7864   stm32f4xx_usart.o
        16          0          0          0          0        476   sys.o
       528         46          0         20          0       1751   system_stm32f4xx.o
       128         10          0          0          0        808   timer.o
       328         16          0          6        200       3290   usart.o
       388         24          0          2        800       2570   usart2.o
       372         22          0          2        200       1894   usart3.o
      3124       1286         40         28          0       4398   usmart.o
         0          0        697        460          0       1996   usmart_config.o
      1320         12          0          0          0       5321   usmart_str.o
       904         34          0          2       4096       4469   w25qxx.o

    ----------------------------------------------------------------------
     45348       3026       2318        956    1226220     537488   Object Totals
         0          0         32          0          0          0   (incl. Generated)
         6          0          3          8         23          0   (incl. Padding)

    ----------------------------------------------------------------------

      Code (inc. data)   RO Data    RW Data    ZI Data      Debug   Library Member Name

        24          4          0          0          0         84   __2printf.o
        90          0          0          0          0          0   __dczerorl2.o
         8          0          0          0          0         68   __main.o
       392          4         17          0          0         92   __printf_flags_ss_wp.o
        14          0          0          0          0         68   __printf_wp.o
         0          0          0          0          0          0   __rtentry.o
        12          0          0          0          0          0   __rtentry2.o
         6          0          0          0          0          0   __rtentry4.o
        52          8          0          0          0          0   __scatter.o
        28          0          0          0          0          0   __scatter_zi.o
         6          0          0          0          0          0   _printf_a.o
         6          0          0          0          0          0   _printf_c.o
        44          0          0          0          0        108   _printf_char.o
        48          6          0          0          0         96   _printf_char_common.o
        36          4          0          0          0         80   _printf_char_file.o
        40          0          0          0          0         68   _printf_charcount.o
         6          0          0          0          0          0   _printf_d.o
       120         16          0          0          0         92   _printf_dec.o
         6          0          0          0          0          0   _printf_e.o
         6          0          0          0          0          0   _printf_f.o
      1054          0          0          0          0        216   _printf_fp_dec.o
       128         16          0          0          0         84   _printf_fp_infnan.o
         6          0          0          0          0          0   _printf_g.o
       148          4         40          0          0        160   _printf_hex_int_ll_ptr.o
         6          0          0          0          0          0   _printf_i.o
       178          0          0          0          0         88   _printf_intcommon.o
        10          0          0          0          0          0   _printf_l.o
         6          0          0          0          0          0   _printf_lc.o
        10          0          0          0          0          0   _printf_ll.o
         6          0          0          0          0          0   _printf_lld.o
         6          0          0          0          0          0   _printf_lli.o
         6          0          0          0          0          0   _printf_llo.o
         6          0          0          0          0          0   _printf_llu.o
         6          0          0          0          0          0   _printf_llx.o
       124         16          0          0          0         92   _printf_longlong_dec.o
         6          0          0          0          0          0   _printf_ls.o
         6          0          0          0          0          0   _printf_n.o
         6          0          0          0          0          0   _printf_o.o
       112         10          0          0          0        124   _printf_oct_int_ll.o
         6          0          0          0          0          0   _printf_p.o
        78          0          0          0          0        108   _printf_pad.o
         0          0          0          0          0          0   _printf_percent.o
         4          0          0          0          0          0   _printf_percent_end.o
         6          0          0          0          0          0   _printf_s.o
        82          0          0          0          0         80   _printf_str.o
        36          0          0          0          0         84   _printf_truncate.o
         6          0          0          0          0          0   _printf_u.o
        44          0          0          0          0        108   _printf_wchar.o
       188          6          8          0          0         92   _printf_wctomb.o
         6          0          0          0          0          0   _printf_x.o
        10          0          0          0          0         68   _sputc.o
        64          0          0          0          0         92   _wcrtomb.o
       228          4        148          0          0         96   bigflt0.o
      1936        128          0          0          0        672   btod.o
        36          4          0          0          0         76   c89vsprintf.o
        18          0          0          0          0         80   exit.o
         8          0          0          0          0         68   ferror.o
         6          0          0          0          0        152   heapauxi.o
        44         10        272          0          0         76   lc_ctype_c.o
        44         10         28          0          0         76   lc_numeric_c.o
         2          0          0          0          0          0   libinit.o
        34          0          0          0          0          0   libinit2.o
         2          0          0          0          0          0   libshutdown.o
         2          0          0          0          0          0   libshutdown2.o
         8          4          0          0         96         68   libspace.o
        72          0          0          0          0         76   llsdiv.o
       138          0          0          0          0         80   lludiv10.o
       238          0          0          0          0        100   lludivv7m.o
        88          0          0          0          0         76   memcmp.o
        16          4          0          0          0         76   rt_ctype_table.o
         8          4          0          0          0         68   rt_locale_intlibspace.o
        68          0          0          0          0         68   rt_memclr.o
        78          0          0          0          0         80   rt_memclr_w.o
       138          0          0          0          0         68   rt_memcpy_v6.o
       100          0          0          0          0         80   rt_memcpy_w.o
         2          0          0          0          0          0   rtexit.o
        10          0          0          0          0          0   rtexit2.o
       128          0          0          0          0         68   strcmpv7m.o
        62          0          0          0          0         76   strlen.o
        74          0          0          0          0         80   sys_stackheap_outer.o
         2          0          0          0          0         68   use_no_semi.o
         2          0          0          0          0         68   use_no_semi_2.o
        10          0          0          0          0        116   fpinit.o
         4          0          0          0          0        116   printf1.o
         0          0          0          0          0          0   usenofp.o
        48          0          0          0          0        124   fpclassify.o

    ----------------------------------------------------------------------
      6972        262        514          0         96       5004   Library Totals
        14          0          1          0          0          0   (incl. Padding)

    ----------------------------------------------------------------------

      Code (inc. data)   RO Data    RW Data    ZI Data      Debug   Library Name

      6896        262        513          0         96       4648   c_w.l
        14          0          0          0          0        232   fz_wm.l
        48          0          0          0          0        124   m_wm.l

    ----------------------------------------------------------------------
      6972        262        514          0         96       5004   Library Totals

    ----------------------------------------------------------------------

==============================================================================


      Code (inc. data)   RO Data    RW Data    ZI Data      Debug   

     52320       3288       2832        956    1226316     532392   Grand Totals
     52320       3288       2832        352    1226316     532392   ELF Image Totals (compressed)
     52320       3288       2832        352          0          0   ROM Totals

==============================================================================

    Total RO  Size (Code + RO Data)                55152 (  53.86kB)
    Total RW  Size (RW Data + ZI Data)           1227272 (1198.51kB)
    Total ROM Size (Code + RO Data + RW Data)      55504 (  54.20kB)

==============================================================================

