<html>
<body>
<pre>
<h1>礦ision Build Log</h1>
<h2>Tool Versions:</h2>
IDE-Version: μVision V5.34.0.0
Copyright (C) 2021 ARM Ltd and ARM Germany GmbH. All rights reserved.
License Information: lh LYY, 11, LIC=TA39H-W2K8M-GQG0H-W6AZ8-FP81T-V8Z33
 
Tool Versions:
Toolchain:       MDK-ARM Professional  Version: 5.34.0.0
Toolchain Path:  E:\32\32ruanjian\ARM\ARMCC\Bin
C Compiler:      Armcc.exe V5.06 update 7 (build 960)
Assembler:       Armasm.exe V5.06 update 7 (build 960)
Linker/Locator:  ArmLink.exe V5.06 update 7 (build 960)
Library Manager: ArmAr.exe V5.06 update 7 (build 960)
Hex Converter:   FromElf.exe V5.06 update 7 (build 960)
CPU DLL:         SARMCM3.DLL V5.34.0.0
Dialog DLL:      DCM.DLL V1.17.3.0
Target DLL:      Segger\JL2CM3.dll V2.99.38.0
Dialog DLL:      TCM.DLL V1.48.0.0
 
<h2>Project:</h2>
D:\word\吕昊\智能门锁\智能门锁\开发源码\智能门锁\USER\HZ.uvprojx
Project File Date:  11/14/2024

<h2>Output:</h2>
*** Using Compiler 'V5.06 update 7 (build 960)', folder: 'E:\32\32ruanjian\ARM\ARMCC\Bin'
Rebuild target 'ZW'
compiling system_stm32f4xx.c...
compiling key.c...
compiling as608.c...
compiling main.c...
main.c(118): warning:  #223-D: function "strcpy" declared implicitly
  	strcpy(Pwd,"123456");
main.c: 1 warning, 0 errors
compiling stm32f4xx_it.c...
compiling walkmotor.c...
compiling led.c...
compiling usart2.c...
compiling timer.c...
compiling button4_4.c...
compiling spi.c...
compiling beep.c...
compiling w25qxx.c...
compiling sdio_sdcard.c...
compiling oled.c...
assembling startup_stm32f40_41xxx.s...
compiling rtc.c...
compiling MFRC522.c...
compiling stmflash.c...
compiling delay.c...
compiling usart3.c...
compiling sys.c...
compiling usart.c...
compiling misc.c...
compiling stm32f4xx_gpio.c...
compiling stm32f4xx_fsmc.c...
compiling stm32f4xx_tim.c...
compiling stm32f4xx_syscfg.c...
compiling stm32f4xx_usart.c...
compiling stm32f4xx_rcc.c...
compiling stm32f4xx_spi.c...
compiling ff.c...
compiling stm32f4xx_sdio.c...
compiling stm32f4xx_dma.c...
compiling stm32f4xx_rtc.c...
compiling stm32f4xx_pwr.c...
compiling stm32f4xx_exti.c...
compiling stm32f4xx_flash.c...
compiling malloc.c...
compiling usmart_str.c...
compiling usmart_config.c...
compiling usmart.c...
compiling fattester.c...
compiling exfuns.c...
compiling mycc936.c...
compiling diskio.c...
compiling fontupd.c...
linking...
Program Size: Code=70814 RO-data=10214 RW-data=1108 ZI-data=1227380  
FromELF: creating hex file...
"..\OBJ\wj.axf" - 0 Error(s), 1 Warning(s).

<h2>Software Packages used:</h2>

<h2>Collection of Component include folders:</h2>

<h2>Collection of Component Files used:</h2>
Build Time Elapsed:  00:00:12
</pre>
</body>
</html>
